Archive member included because of file (symbol)

c:/dave-3.1.10/arm-gcc/bin/../lib/gcc/arm-none-eabi/4.7.4/../../../../arm-none-eabi/lib/armv7e-m\libm.a(lib_a-w_pow.o)
                              TSL2561.o (pow)
c:/dave-3.1.10/arm-gcc/bin/../lib/gcc/arm-none-eabi/4.7.4/../../../../arm-none-eabi/lib/armv7e-m\libm.a(lib_a-e_pow.o)
                              c:/dave-3.1.10/arm-gcc/bin/../lib/gcc/arm-none-eabi/4.7.4/../../../../arm-none-eabi/lib/armv7e-m\libm.a(lib_a-w_pow.o) (__ieee754_pow)
c:/dave-3.1.10/arm-gcc/bin/../lib/gcc/arm-none-eabi/4.7.4/../../../../arm-none-eabi/lib/armv7e-m\libm.a(lib_a-e_sqrt.o)
                              c:/dave-3.1.10/arm-gcc/bin/../lib/gcc/arm-none-eabi/4.7.4/../../../../arm-none-eabi/lib/armv7e-m\libm.a(lib_a-e_pow.o) (__ieee754_sqrt)
c:/dave-3.1.10/arm-gcc/bin/../lib/gcc/arm-none-eabi/4.7.4/../../../../arm-none-eabi/lib/armv7e-m\libm.a(lib_a-s_fabs.o)
                              c:/dave-3.1.10/arm-gcc/bin/../lib/gcc/arm-none-eabi/4.7.4/../../../../arm-none-eabi/lib/armv7e-m\libm.a(lib_a-e_pow.o) (fabs)
c:/dave-3.1.10/arm-gcc/bin/../lib/gcc/arm-none-eabi/4.7.4/../../../../arm-none-eabi/lib/armv7e-m\libm.a(lib_a-s_finite.o)
                              c:/dave-3.1.10/arm-gcc/bin/../lib/gcc/arm-none-eabi/4.7.4/../../../../arm-none-eabi/lib/armv7e-m\libm.a(lib_a-w_pow.o) (finite)
c:/dave-3.1.10/arm-gcc/bin/../lib/gcc/arm-none-eabi/4.7.4/../../../../arm-none-eabi/lib/armv7e-m\libm.a(lib_a-s_fpclassify.o)
                              c:/dave-3.1.10/arm-gcc/bin/../lib/gcc/arm-none-eabi/4.7.4/../../../../arm-none-eabi/lib/armv7e-m\libm.a(lib_a-w_pow.o) (__fpclassifyd)
c:/dave-3.1.10/arm-gcc/bin/../lib/gcc/arm-none-eabi/4.7.4/../../../../arm-none-eabi/lib/armv7e-m\libm.a(lib_a-s_lib_ver.o)
                              c:/dave-3.1.10/arm-gcc/bin/../lib/gcc/arm-none-eabi/4.7.4/../../../../arm-none-eabi/lib/armv7e-m\libm.a(lib_a-w_pow.o) (__fdlib_version)
c:/dave-3.1.10/arm-gcc/bin/../lib/gcc/arm-none-eabi/4.7.4/../../../../arm-none-eabi/lib/armv7e-m\libm.a(lib_a-s_matherr.o)
                              c:/dave-3.1.10/arm-gcc/bin/../lib/gcc/arm-none-eabi/4.7.4/../../../../arm-none-eabi/lib/armv7e-m\libm.a(lib_a-w_pow.o) (matherr)
c:/dave-3.1.10/arm-gcc/bin/../lib/gcc/arm-none-eabi/4.7.4/../../../../arm-none-eabi/lib/armv7e-m\libm.a(lib_a-s_nan.o)
                              c:/dave-3.1.10/arm-gcc/bin/../lib/gcc/arm-none-eabi/4.7.4/../../../../arm-none-eabi/lib/armv7e-m\libm.a(lib_a-e_pow.o) (nan)
c:/dave-3.1.10/arm-gcc/bin/../lib/gcc/arm-none-eabi/4.7.4/../../../../arm-none-eabi/lib/armv7e-m\libm.a(lib_a-s_rint.o)
                              c:/dave-3.1.10/arm-gcc/bin/../lib/gcc/arm-none-eabi/4.7.4/../../../../arm-none-eabi/lib/armv7e-m\libm.a(lib_a-w_pow.o) (rint)
c:/dave-3.1.10/arm-gcc/bin/../lib/gcc/arm-none-eabi/4.7.4/../../../../arm-none-eabi/lib/armv7e-m\libm.a(lib_a-s_scalbn.o)
                              c:/dave-3.1.10/arm-gcc/bin/../lib/gcc/arm-none-eabi/4.7.4/../../../../arm-none-eabi/lib/armv7e-m\libm.a(lib_a-e_pow.o) (scalbn)
c:/dave-3.1.10/arm-gcc/bin/../lib/gcc/arm-none-eabi/4.7.4/../../../../arm-none-eabi/lib/armv7e-m\libm.a(lib_a-s_copysign.o)
                              c:/dave-3.1.10/arm-gcc/bin/../lib/gcc/arm-none-eabi/4.7.4/../../../../arm-none-eabi/lib/armv7e-m\libm.a(lib_a-s_scalbn.o) (copysign)
c:/dave-3.1.10/arm-gcc/bin/../lib/gcc/arm-none-eabi/4.7.4/armv7e-m\libgcc.a(_arm_addsubdf3.o)
                              HTU21D.o (__aeabi_dsub)
c:/dave-3.1.10/arm-gcc/bin/../lib/gcc/arm-none-eabi/4.7.4/armv7e-m\libgcc.a(_arm_muldivdf3.o)
                              HTU21D.o (__aeabi_dmul)
c:/dave-3.1.10/arm-gcc/bin/../lib/gcc/arm-none-eabi/4.7.4/armv7e-m\libgcc.a(_arm_cmpdf2.o)
                              c:/dave-3.1.10/arm-gcc/bin/../lib/gcc/arm-none-eabi/4.7.4/../../../../arm-none-eabi/lib/armv7e-m\libm.a(lib_a-w_pow.o) (__aeabi_dcmpeq)
c:/dave-3.1.10/arm-gcc/bin/../lib/gcc/arm-none-eabi/4.7.4/armv7e-m\libgcc.a(_arm_fixdfsi.o)
                              LSM9DS1_Driver.o (__aeabi_d2iz)
c:/dave-3.1.10/arm-gcc/bin/../lib/gcc/arm-none-eabi/4.7.4/armv7e-m\libgcc.a(_arm_truncdfsf2.o)
                              HTU21D.o (__aeabi_d2f)
c:/dave-3.1.10/arm-gcc/bin/../lib/gcc/arm-none-eabi/4.7.4/../../../../arm-none-eabi/lib/armv7e-m\libg.a(lib_a-errno.o)
                              c:/dave-3.1.10/arm-gcc/bin/../lib/gcc/arm-none-eabi/4.7.4/../../../../arm-none-eabi/lib/armv7e-m\libm.a(lib_a-w_pow.o) (__errno)
c:/dave-3.1.10/arm-gcc/bin/../lib/gcc/arm-none-eabi/4.7.4/../../../../arm-none-eabi/lib/armv7e-m\libg.a(lib_a-impure.o)
                              c:/dave-3.1.10/arm-gcc/bin/../lib/gcc/arm-none-eabi/4.7.4/../../../../arm-none-eabi/lib/armv7e-m\libg.a(lib_a-errno.o) (_impure_ptr)
c:/dave-3.1.10/arm-gcc/bin/../lib/gcc/arm-none-eabi/4.7.4/../../../../arm-none-eabi/lib/armv7e-m\libg.a(lib_a-init.o)
                              Startup/startup_XMC4500.o (__libc_init_array)
[...]
Memory Configuration

Name             Origin             Length             Attributes
FLASH_1_cached   0x08000000         0x00100000         xr
FLASH_1_uncached 0x0c000000         0x00100000         xr
PSRAM_1          0x10000000         0x00010000         !xr
DSRAM_1_system   0x20000000         0x00010000         !xr
DSRAM_2_comm     0x30000000         0x00008000         !xr
*default*        0x00000000         0xffffffff

Linker script and memory map

LOAD BluetoothDriver.o
LOAD CleanArray.o
LOAD FIFO_functions.o
LOAD HTU21D.o
LOAD LSM9DS1_Driver.o
LOAD Main.o
LOAD SendMeasurementsToBt.o
LOAD TSL2561.o
LOAD Timer.o
LOAD timerFunctions.o
LOAD Startup/startup_XMC4500.o
LOAD Startup/system_XMC4500.o
LOAD Lib/System_LibcStubs.o
LOAD Dave/Generated/src/UART001/UART001.o
LOAD Dave/Generated/src/UART001/UART001_Conf.o
LOAD Dave/Generated/src/SYSTM001/SYSTM001.o
LOAD Dave/Generated/src/RESET001/RESET001.o
LOAD Dave/Generated/src/NVIC002/NVIC002.o
LOAD Dave/Generated/src/NVIC002/NVIC002_Conf.o
LOAD Dave/Generated/src/LIBS/CCU8PWMLIB.o
LOAD Dave/Generated/src/LIBS/MOTORLIB.o
LOAD Dave/Generated/src/IO004/IO004.o
LOAD Dave/Generated/src/IO004/IO004_Conf.o
LOAD Dave/Generated/src/I2C001/I2C001.o
LOAD Dave/Generated/src/I2C001/I2C001_Conf.o
LOAD Dave/Generated/src/DAVESupport/DAVE3.o
LOAD Dave/Generated/src/DAVESupport/MULTIPLEXER.o
LOAD Dave/Generated/src/CLK001/CLK001.o
LOAD c:/dave-3.1.10/arm-gcc/bin/../lib/gcc/arm-none-eabi/4.7.4/../../../../arm-none-eabi/lib/armv7e-m\libm.a
START GROUP
LOAD c:/dave-3.1.10/arm-gcc/bin/../lib/gcc/arm-none-eabi/4.7.4/armv7e-m\libgcc.a
LOAD c:/dave-3.1.10/arm-gcc/bin/../lib/gcc/arm-none-eabi/4.7.4/../../../../arm-none-eabi/lib/armv7e-m\libg.a
LOAD c:/dave-3.1.10/arm-gcc/bin/../lib/gcc/arm-none-eabi/4.7.4/../../../../arm-none-eabi/lib/armv7e-m\libc.a
END GROUP
                0x00000800                stack_size = 0x800

.text           0x08000000    0x13368 load address 0x0c000000
                0x08000000                sText = .
 *(.Xmc4500.reset)
 .Xmc4500.reset
                0x08000000      0x21c Startup/startup_XMC4500.o
                0x08000000                __Xmc4500_interrupt_vector_cortex_m
                0x08000200                __Xmc4500_reset_cortex_m
 *(.Xmc4500.postreset)
 .Xmc4500.postreset
                0x0800021c       0xa8 Startup/startup_XMC4500.o
 *(.XmcStartup)
 .XmcStartup    0x080002c4        0x4 Startup/startup_XMC4500.o
 *(.text .text.* .gnu.linkonce.t.*)
 .text          0x080002c8        0x0 BluetoothDriver.o
 .text.resetConnectionIndicator
                0x080002c8       0x28 BluetoothDriver.o
                0x080002c8                resetConnectionIndicator
 .text.chooseDevice
                0x080002f0      0x470 BluetoothDriver.o
                0x080002f0                chooseDevice
 .text.resetConnection
                0x08000760       0x14 BluetoothDriver.o
                0x08000760                resetConnection
 .text.checkErrorOccurence
                0x08000774       0xe0 BluetoothDriver.o
                0x08000774                checkErrorOccurence
 .text.manageConnection
                0x08000854       0x88 BluetoothDriver.o
                0x08000854                manageConnection
 .text.copyCheckAnswers
                0x080008dc       0xdc BluetoothDriver.o
                0x080008dc                copyCheckAnswers
 .text.copyCommands
                0x080009b8       0xec BluetoothDriver.o
                0x080009b8                copyCommands
 .text.getStatusMainTimer
                0x08000aa4       0x18 BluetoothDriver.o
                0x08000aa4                getStatusMainTimer
 .text.setStatusMainTimer
                0x08000abc       0x20 BluetoothDriver.o
                0x08000abc                setStatusMainTimer
 .text.removeMainTimer
                0x08000adc       0x34 BluetoothDriver.o
                0x08000adc                removeMainTimer
 .text.removeReceiveTimer
                0x08000b10       0x34 BluetoothDriver.o
                0x08000b10                removeReceiveTimer
 .text.createMainTimer
                0x08000b44       0x4c BluetoothDriver.o
                0x08000b44                createMainTimer
 .text.createReceiveTimer
                0x08000b90       0x3c BluetoothDriver.o
                0x08000b90                createReceiveTimer
 .text.timerHandlerInitBluetooth
                0x08000bcc      0x13c BluetoothDriver.o
                0x08000bcc                timerHandlerInitBluetooth
 .text.timerHandlerInitBluetoothReceive
                0x08000d08       0xd8 BluetoothDriver.o
                0x08000d08                timerHandlerInitBluetoothReceive
 .text.RxTimerHandler
                0x08000de0       0x34 BluetoothDriver.o
                0x08000de0                RxTimerHandler
 .text.initBluetooth
                0x08000e14       0x18 BluetoothDriver.o
                0x08000e14                initBluetooth
 .text.send     0x08000e2c       0xd0 BluetoothDriver.o
                0x08000e2c                send
 .text.read     0x08000efc       0xec BluetoothDriver.o
                0x08000efc                read
 .text.askAboutSending
                0x08000fe8       0x28 BluetoothDriver.o
                0x08000fe8                askAboutSending
 .text.stopAskingAboutSending
                0x08001010       0x28 BluetoothDriver.o
                0x08001010                stopAskingAboutSending
 .text.statusRtsFlowControl
                0x08001038       0x2c BluetoothDriver.o
                0x08001038                statusRtsFlowControl
 .text.checkStatusCts
                0x08001064       0x2c BluetoothDriver.o
                0x08001064                checkStatusCts
 .text.checkFunction
                0x08001090       0x2c BluetoothDriver.o
                0x08001090                checkFunction
 .text.connectStatus
                0x080010bc       0x2c BluetoothDriver.o
                0x080010bc                connectStatus
 .text.initFlowControl
                0x080010e8        0xc BluetoothDriver.o
                0x080010e8                initFlowControl
 .text.delayBt  0x080010f4       0x2c BluetoothDriver.o
                0x080010f4                delayBt
 .text          0x08001120        0x0 CleanArray.o
 .text.cleanArray
                0x08001120       0x38 CleanArray.o
                0x08001120                cleanArray
 .text          0x08001158        0x0 FIFO_functions.o
 .text.flushFIFO
                0x08001158       0x28 FIFO_functions.o
                0x08001158                flushFIFO
 .text.clearErrorFlags
                0x08001180       0x70 FIFO_functions.o
                0x08001180                clearErrorFlags
 .text          0x080011f0        0x0 HTU21D.o
 .text.readHumidity
                0x080011f0      0x220 HTU21D.o
                0x080011f0                readHumidity
 .text.readHumidTimerHandler
                0x08001410      0x220 HTU21D.o
                0x08001410                readHumidTimerHandler
 .text.readTemperature
                0x08001630      0x220 HTU21D.o
                0x08001630                readTemperature
 .text.readTmpTimerHandler
                0x08001850      0x250 HTU21D.o
                0x08001850                readTmpTimerHandler
 .text.delay11  0x08001aa0       0x2c HTU21D.o
                0x08001aa0                delay11
 .text.check_crc
                0x08001acc       0x74 HTU21D.o
                0x08001acc                check_crc
 .text          0x08001b40        0x0 LSM9DS1_Driver.o
 .text.getAccelXf
                0x08001b40       0x18 LSM9DS1_Driver.o
                0x08001b40                getAccelXf
 .text.getAccelX
                0x08001b58       0x18 LSM9DS1_Driver.o
                0x08001b58                getAccelX
 .text.getAccelYf
                0x08001b70       0x18 LSM9DS1_Driver.o
                0x08001b70                getAccelYf
 .text.getAccelY
                0x08001b88       0x18 LSM9DS1_Driver.o
                0x08001b88                getAccelY
 .text.getAccelZf
                0x08001ba0       0x18 LSM9DS1_Driver.o
                0x08001ba0                getAccelZf
 .text.getAccelZ
                0x08001bb8       0x18 LSM9DS1_Driver.o
                0x08001bb8                getAccelZ
 .text.getGyroXf
                0x08001bd0       0x18 LSM9DS1_Driver.o
                0x08001bd0                getGyroXf
 .text.getGyroX
                0x08001be8       0x18 LSM9DS1_Driver.o
                0x08001be8                getGyroX
 .text.getGyroYf
                0x08001c00       0x18 LSM9DS1_Driver.o
                0x08001c00                getGyroYf
 .text.getGyroY
                0x08001c18       0x18 LSM9DS1_Driver.o
                0x08001c18                getGyroY
 .text.getGyroZf
                0x08001c30       0x18 LSM9DS1_Driver.o
                0x08001c30                getGyroZf
 .text.getGyroZ
                0x08001c48       0x18 LSM9DS1_Driver.o
                0x08001c48                getGyroZ
 .text.getMagnetXf
                0x08001c60       0x18 LSM9DS1_Driver.o
                0x08001c60                getMagnetXf
 .text.getMagnetX
                0x08001c78       0x18 LSM9DS1_Driver.o
                0x08001c78                getMagnetX
 .text.getMagnetYf
                0x08001c90       0x18 LSM9DS1_Driver.o
                0x08001c90                getMagnetYf
 .text.getMagnetY
                0x08001ca8       0x18 LSM9DS1_Driver.o
                0x08001ca8                getMagnetY
 .text.getMagnetZf
                0x08001cc0       0x18 LSM9DS1_Driver.o
                0x08001cc0                getMagnetZf
 .text.getMagnetZ
                0x08001cd8       0x18 LSM9DS1_Driver.o
                0x08001cd8                getMagnetZ
 .text.startMeasurements
                0x08001cf0       0x40 LSM9DS1_Driver.o
                0x08001cf0                startMeasurements
 .text.startMeasurements1
                0x08001d30       0x40 LSM9DS1_Driver.o
                0x08001d30                startMeasurements1
 .text.resetMeasurements
                0x08001d70       0x28 LSM9DS1_Driver.o
                0x08001d70                resetMeasurements
 .text.readAndSendMeasurements
                0x08001d98      0x6a0 LSM9DS1_Driver.o
                0x08001d98                readAndSendMeasurements
 .text.initAdrAndSubAdr
                0x08002438       0x50 LSM9DS1_Driver.o
                0x08002438                initAdrAndSubAdr
 .text.initLSM9DS1
                0x08002488       0x5c LSM9DS1_Driver.o
                0x08002488                initLSM9DS1
 .text.init     0x080024e4      0x2bc LSM9DS1_Driver.o
                0x080024e4                init
 .text.begin    0x080027a0       0xc4 LSM9DS1_Driver.o
                0x080027a0                begin
 .text.constrainScales
                0x08002864       0xdc LSM9DS1_Driver.o
                0x08002864                constrainScales
 .text.initI2C  0x08002940        0xc LSM9DS1_Driver.o
                0x08002940                initI2C
 .text.initSPI  0x0800294c        0xc LSM9DS1_Driver.o
                0x0800294c                initSPI
 .text.calcgRes
                0x08002958       0x34 LSM9DS1_Driver.o
                0x08002958                calcgRes
 .text.calcaRes
                0x0800298c       0x34 LSM9DS1_Driver.o
                0x0800298c                calcaRes
 .text.calcmRes
                0x080029c0       0xb4 LSM9DS1_Driver.o
                0x080029c0                calcmRes
 .text.delay    0x08002a74       0x34 LSM9DS1_Driver.o
                0x08002a74                delay
 .text.I2CreadByte
                0x08002aa8      0x14c LSM9DS1_Driver.o
                0x08002aa8                I2CreadByte
 .text.USIC2_2_IRQHandler
                0x08002bf4       0x38 LSM9DS1_Driver.o
                0x08002bf4                USIC2_2_IRQHandler
 .text.CCU81_0_IRQHandler
                0x08002c2c       0x68 LSM9DS1_Driver.o
                0x08002c2c                CCU81_0_IRQHandler
 .text.mReadByte
                0x08002c94       0x3c LSM9DS1_Driver.o
                0x08002c94                mReadByte
 .text.xgReadByte
                0x08002cd0       0x3c LSM9DS1_Driver.o
                0x08002cd0                xgReadByte
 .text.initGyro
                0x08002d0c      0x1a4 LSM9DS1_Driver.o
                0x08002d0c                initGyro
 .text.xgWriteByte
                0x08002eb0       0x3c LSM9DS1_Driver.o
                0x08002eb0                xgWriteByte
 .text.I2CwriteByte
                0x08002eec       0xb8 LSM9DS1_Driver.o
                0x08002eec                I2CwriteByte
 .text.initAccel
                0x08002fa4      0x144 LSM9DS1_Driver.o
                0x08002fa4                initAccel
 .text.initMag  0x080030e8      0x140 LSM9DS1_Driver.o
                0x080030e8                initMag
 .text.mWriteByte
                0x08003228       0x40 LSM9DS1_Driver.o
                0x08003228                mWriteByte
 .text.enableFIFO
                0x08003268       0x44 LSM9DS1_Driver.o
                0x08003268                enableFIFO
 .text.setFIFO  0x080032ac       0x40 LSM9DS1_Driver.o
                0x080032ac                setFIFO
 .text.calibrate
                0x080032ec      0x240 LSM9DS1_Driver.o
                0x080032ec                calibrate
 .text.xgReadBytes
                0x0800352c       0x68 LSM9DS1_Driver.o
                0x0800352c                xgReadBytes
 .text.SPIreadBytes
                0x08003594       0x1c LSM9DS1_Driver.o
                0x08003594                SPIreadBytes
 .text.readGyro1
                0x080035b0      0x144 LSM9DS1_Driver.o
                0x080035b0                readGyro1
 .text.readAccel1
                0x080036f4      0x134 LSM9DS1_Driver.o
                0x080036f4                readAccel1
 .text.readAccelToSensor
                0x08003828      0x1dc LSM9DS1_Driver.o
                0x08003828                readAccelToSensor
 .text.I2CreadBytes
                0x08003a04      0x14c LSM9DS1_Driver.o
                0x08003a04                I2CreadBytes
 .text.magAvailable
                0x08003b50       0x38 LSM9DS1_Driver.o
                0x08003b50                magAvailable
 .text.readMag1
                0x08003b88       0xa0 LSM9DS1_Driver.o
                0x08003b88                readMag1
 .text.calibrateMag
                0x08003c28      0x1e4 LSM9DS1_Driver.o
                0x08003c28                calibrateMag
 .text.calcMag  0x08003e0c       0x38 LSM9DS1_Driver.o
                0x08003e0c                calcMag
 .text.magOffset
                0x08003e44       0x64 LSM9DS1_Driver.o
                0x08003e44                magOffset
 .text.accelAvailable
                0x08003ea8       0x24 LSM9DS1_Driver.o
                0x08003ea8                accelAvailable
 .text.gyroAvailable
                0x08003ecc       0x28 LSM9DS1_Driver.o
                0x08003ecc                gyroAvailable
 .text.tempAvailable
                0x08003ef4       0x28 LSM9DS1_Driver.o
                0x08003ef4                tempAvailable
 .text.readAccel
                0x08003f1c       0xa4 LSM9DS1_Driver.o
                0x08003f1c                readAccel
 .text.readMag  0x08003fc0       0x80 LSM9DS1_Driver.o
                0x08003fc0                readMag
 .text.readTemp
                0x08004040       0x84 LSM9DS1_Driver.o
                0x08004040                readTemp
 .text.readGyro
                0x080040c4       0xa4 LSM9DS1_Driver.o
                0x080040c4                readGyro
 .text.calcGyro
                0x08004168       0x38 LSM9DS1_Driver.o
                0x08004168                calcGyro
 .text.calcAccel
                0x080041a0       0x38 LSM9DS1_Driver.o
                0x080041a0                calcAccel
 .text.setGyroScale
                0x080041d8       0x88 LSM9DS1_Driver.o
                0x080041d8                setGyroScale
 .text.setAccelScale
                0x08004260       0x9c LSM9DS1_Driver.o
                0x08004260                setAccelScale
 .text.setMagScale
                0x080042fc       0xa4 LSM9DS1_Driver.o
                0x080042fc                setMagScale
 .text.setGyroODR
                0x080043a0       0x60 LSM9DS1_Driver.o
                0x080043a0                setGyroODR
 .text.setAccelODR
                0x08004400       0x60 LSM9DS1_Driver.o
                0x08004400                setAccelODR
 .text.setMagODR
                0x08004460       0x5c LSM9DS1_Driver.o
                0x08004460                setMagODR
 .text.configInt
                0x080044bc       0x6c LSM9DS1_Driver.o
                0x080044bc                configInt
 .text.configInactivity
                0x08004528       0x50 LSM9DS1_Driver.o
                0x08004528                configInactivity
 .text.getInactivity
                0x08004578       0x28 LSM9DS1_Driver.o
                0x08004578                getInactivity
 .text.configAccelInt
                0x080045a0       0x34 LSM9DS1_Driver.o
                0x080045a0                configAccelInt
 .text.configAccelThs
                0x080045d4       0x4c LSM9DS1_Driver.o
                0x080045d4                configAccelThs
 .text.getAccelIntSrc
                0x08004620       0x34 LSM9DS1_Driver.o
                0x08004620                getAccelIntSrc
 .text.configGyroInt
                0x08004654       0x48 LSM9DS1_Driver.o
                0x08004654                configGyroInt
 .text.configGyroThs
                0x0800469c       0x7c LSM9DS1_Driver.o
                0x0800469c                configGyroThs
 .text.getGyroIntSrc
                0x08004718       0x34 LSM9DS1_Driver.o
                0x08004718                getGyroIntSrc
 .text.configMagInt
                0x0800474c       0x58 LSM9DS1_Driver.o
                0x0800474c                configMagInt
 .text.configMagThs
                0x080047a4       0x38 LSM9DS1_Driver.o
                0x080047a4                configMagThs
 .text.getMagIntSrc
                0x080047dc       0x34 LSM9DS1_Driver.o
                0x080047dc                getMagIntSrc
 .text.sleepGyro
                0x08004810       0x44 LSM9DS1_Driver.o
                0x08004810                sleepGyro
 .text.getFIFOSamples
                0x08004854       0x18 LSM9DS1_Driver.o
                0x08004854                getFIFOSamples
 .text.timerHandlerSendMsg
                0x0800486c       0xd0 LSM9DS1_Driver.o
                0x0800486c                timerHandlerSendMsg
 .text.timerHandlerReceiveOneMeasurementEachSensor
                0x0800493c      0x224 LSM9DS1_Driver.o
                0x0800493c                timerHandlerReceiveOneMeasurementEachSensor
 .text.timerHandlerReceiveOneMeasurementEachSensor1
                0x08004b60      0x250 LSM9DS1_Driver.o
                0x08004b60                timerHandlerReceiveOneMeasurementEachSensor1
 .text.receiveByte
                0x08004db0      0x160 LSM9DS1_Driver.o
                0x08004db0                receiveByte
 .text          0x08004f10        0x0 Main.o
 .text.check    0x08004f10       0xf4 Main.o
                0x08004f10                check
 .text.main     0x08005004       0x7c Main.o
                0x08005004                main
 .text          0x08005080        0x0 SendMeasurementsToBt.o
 .text.sendMeasurementsToBt
                0x08005080      0xb8c SendMeasurementsToBt.o
                0x08005080                sendMeasurementsToBt
 .text.sendMsgLSM9DS1
                0x08005c0c       0x3c SendMeasurementsToBt.o
                0x08005c0c                sendMsgLSM9DS1
 .text.sendTSL2561
                0x08005c48       0x2c SendMeasurementsToBt.o
                0x08005c48                sendTSL2561
 .text.sendMsgHTU21D
                0x08005c74       0x2c SendMeasurementsToBt.o
                0x08005c74                sendMsgHTU21D
 .text.sendAllSensors
                0x08005ca0       0x3c SendMeasurementsToBt.o
                0x08005ca0                sendAllSensors
 .text          0x08005cdc        0x0 TSL2561.o
 .text.USIC1_0_IRQHandler
                0x08005cdc       0x38 TSL2561.o
                0x08005cdc                USIC1_0_IRQHandler
 .text.startMeasurementsTSL2561
                0x08005d14       0x3c TSL2561.o
                0x08005d14                startMeasurementsTSL2561
 .text.stopMeasurementsTSL2561
                0x08005d50       0x28 TSL2561.o
                0x08005d50                stopMeasurementsTSL2561
 .text.timerHandlerReceiveTSL2561
                0x08005d78       0x6c TSL2561.o
                0x08005d78                timerHandlerReceiveTSL2561
 .text.readTSL2561
                0x08005de4       0x68 TSL2561.o
                0x08005de4                readTSL2561
 .text.SFE_TSL2561
                0x08005e4c        0xc TSL2561.o
                0x08005e4c                SFE_TSL2561
 .text.begin1   0x08005e58       0x14 TSL2561.o
                0x08005e58                begin1
 .text.begin11  0x08005e6c       0x28 TSL2561.o
                0x08005e6c                begin11
 .text.setPowerUp
                0x08005e94       0x18 TSL2561.o
                0x08005e94                setPowerUp
 .text.setPowerDown
                0x08005eac       0x18 TSL2561.o
                0x08005eac                setPowerDown
 .text.setTiming
                0x08005ec4       0x80 TSL2561.o
                0x08005ec4                setTiming
 .text.setTiming1
                0x08005f44       0x58 TSL2561.o
                0x08005f44                setTiming1
 .text.manualStart
                0x08005f9c       0x68 TSL2561.o
                0x08005f9c                manualStart
 .text.manualStop
                0x08006004       0x4c TSL2561.o
                0x08006004                manualStop
 .text.getData  0x08006050       0x44 TSL2561.o
                0x08006050                getData
 *fill*         0x08006094        0x4 00
 .text.getLux   0x08006098      0x2f8 TSL2561.o
                0x08006098                getLux
 .text.setInterruptControl
                0x08006390       0x50 TSL2561.o
                0x08006390                setInterruptControl
 .text.setInterruptThreshold
                0x080063e0       0x40 TSL2561.o
                0x080063e0                setInterruptThreshold
 .text.clearInterrupt
                0x08006420       0x10 TSL2561.o
                0x08006420                clearInterrupt
 .text.getID    0x08006430       0x2c TSL2561.o
                0x08006430                getID
 .text.getError
                0x0800645c       0x18 TSL2561.o
                0x0800645c                getError
 .text.readByte
                0x08006474      0x180 TSL2561.o
                0x08006474                readByte
 .text.writeByte
                0x080065f4       0xd0 TSL2561.o
                0x080065f4                writeByte
 .text.readUInt
                0x080066c4      0x1f0 TSL2561.o
                0x080066c4                readUInt
 .text.writeUInt
                0x080068b4       0x40 TSL2561.o
                0x080068b4                writeUInt
 .text.delay2   0x080068f4       0x34 TSL2561.o
                0x080068f4                delay2
 .text.getLuminosity
                0x08006928       0x1c TSL2561.o
                0x08006928                getLuminosity
 .text          0x08006944        0x0 Timer.o
 .text.makeTimer
                0x08006944       0x44 Timer.o
                0x08006944                makeTimer
 .text.removeTimer
                0x08006988       0x44 Timer.o
                0x08006988                removeTimer
 .text          0x080069cc        0x0 timerFunctions.o
 .text          0x080069cc       0xe2 Startup/startup_XMC4500.o
                0x080069cc                NMI_Handler
                0x080069ce                HardFault_Handler
                0x080069d0                MemManage_Handler
                0x080069d2                BusFault_Handler
                0x080069d4                UsageFault_Handler
                0x080069d6                SVC_Handler
                0x080069d8                DebugMon_Handler
                0x080069da                PendSV_Handler
                0x080069de                SCU_0_IRQHandler
                0x080069e0                ERU0_0_IRQHandler
                0x080069e2                ERU0_1_IRQHandler
                0x080069e4                ERU0_2_IRQHandler
                0x080069e6                ERU0_3_IRQHandler
                0x080069e8                ERU1_0_IRQHandler
                0x080069ea                ERU1_1_IRQHandler
                0x080069ec                ERU1_2_IRQHandler
                0x080069ee                ERU1_3_IRQHandler
                0x080069f0                PMU0_0_IRQHandler
                0x080069f2                VADC0_C0_0_IRQHandler
                0x080069f4                VADC0_C0_1_IRQHandler
                0x080069f6                VADC0_C0_2_IRQHandler
                0x080069f8                VADC0_C0_3_IRQHandler
                0x080069fa                VADC0_G0_0_IRQHandler
                0x080069fc                VADC0_G0_1_IRQHandler
                0x080069fe                VADC0_G0_2_IRQHandler
                0x08006a00                VADC0_G0_3_IRQHandler
                0x08006a02                VADC0_G1_0_IRQHandler
                0x08006a04                VADC0_G1_1_IRQHandler
                0x08006a06                VADC0_G1_2_IRQHandler
                0x08006a08                VADC0_G1_3_IRQHandler
                0x08006a0a                VADC0_G2_0_IRQHandler
                0x08006a0c                VADC0_G2_1_IRQHandler
                0x08006a0e                VADC0_G2_2_IRQHandler
                0x08006a10                VADC0_G2_3_IRQHandler
                0x08006a12                VADC0_G3_0_IRQHandler
                0x08006a14                VADC0_G3_1_IRQHandler
                0x08006a16                VADC0_G3_2_IRQHandler
                0x08006a18                VADC0_G3_3_IRQHandler
                0x08006a1a                DSD0_0_IRQHandler
                0x08006a1c                DSD0_1_IRQHandler
                0x08006a1e                DSD0_2_IRQHandler
                0x08006a20                DSD0_3_IRQHandler
                0x08006a22                DSD0_4_IRQHandler
                0x08006a24                DSD0_5_IRQHandler
                0x08006a26                DSD0_6_IRQHandler
                0x08006a28                DSD0_7_IRQHandler
                0x08006a2a                DAC0_0_IRQHandler
                0x08006a2c                DAC0_1_IRQHandler
                0x08006a2e                CCU40_0_IRQHandler
                0x08006a30                CCU40_1_IRQHandler
                0x08006a32                CCU40_2_IRQHandler
                0x08006a34                CCU40_3_IRQHandler
                0x08006a36                CCU41_0_IRQHandler
                0x08006a38                CCU41_1_IRQHandler
                0x08006a3a                CCU41_2_IRQHandler
                0x08006a3c                CCU41_3_IRQHandler
                0x08006a3e                CCU42_0_IRQHandler
                0x08006a40                CCU42_1_IRQHandler
                0x08006a42                CCU42_2_IRQHandler
                0x08006a44                CCU42_3_IRQHandler
                0x08006a46                CCU43_0_IRQHandler
                0x08006a48                CCU43_1_IRQHandler
                0x08006a4a                CCU43_2_IRQHandler
                0x08006a4c                CCU43_3_IRQHandler
                0x08006a4e                CCU80_0_IRQHandler
                0x08006a50                CCU80_1_IRQHandler
                0x08006a52                CCU80_2_IRQHandler
                0x08006a54                CCU80_3_IRQHandler
                0x08006a58                CCU81_1_IRQHandler
                0x08006a5a                CCU81_2_IRQHandler
                0x08006a5c                CCU81_3_IRQHandler
                0x08006a5e                POSIF0_0_IRQHandler
                0x08006a60                POSIF0_1_IRQHandler
                0x08006a62                POSIF1_0_IRQHandler
                0x08006a64                POSIF1_1_IRQHandler
                0x08006a66                CAN0_0_IRQHandler
                0x08006a68                CAN0_1_IRQHandler
                0x08006a6a                CAN0_2_IRQHandler
                0x08006a6c                CAN0_3_IRQHandler
                0x08006a6e                CAN0_4_IRQHandler
                0x08006a70                CAN0_5_IRQHandler
                0x08006a72                CAN0_6_IRQHandler
                0x08006a74                CAN0_7_IRQHandler
                0x08006a76                USIC0_0_IRQHandler
                0x08006a78                USIC0_1_IRQHandler
                0x08006a7a                USIC0_2_IRQHandler
                0x08006a7c                USIC0_3_IRQHandler
                0x08006a7e                USIC0_4_IRQHandler
                0x08006a80                USIC0_5_IRQHandler
                0x08006a84                USIC1_1_IRQHandler
                0x08006a86                USIC1_2_IRQHandler
                0x08006a88                USIC1_3_IRQHandler
                0x08006a8a                USIC1_4_IRQHandler
                0x08006a8c                USIC1_5_IRQHandler
                0x08006a8e                USIC2_0_IRQHandler
                0x08006a90                USIC2_1_IRQHandler
                0x08006a94                USIC2_3_IRQHandler
                0x08006a96                USIC2_4_IRQHandler
                0x08006a98                USIC2_5_IRQHandler
                0x08006a9a                LEDTS0_0_IRQHandler
                0x08006a9c                FCE0_0_IRQHandler
                0x08006a9e                GPDMA0_0_IRQHandler
                0x08006aa0                SDMMC0_0_IRQHandler
                0x08006aa2                USB0_0_IRQHandler
                0x08006aa4                ETH0_0_IRQHandler
                0x08006aa6                GPDMA1_0_IRQHandler
 .text          0x08006aae        0x0 Startup/system_XMC4500.o
 *fill*         0x08006aae        0x2 00
 .text.SystemInit
                0x08006ab0       0x9c Startup/system_XMC4500.o
                0x08006ab0                SystemInit
 .text.SystemCoreClockUpdate
                0x08006b4c      0x148 Startup/system_XMC4500.o
                0x08006b4c                SystemCoreClockUpdate
 .text.SystemClockSetup
                0x08006c94      0x4cc Startup/system_XMC4500.o
 .text          0x08007160        0x0 Lib/System_LibcStubs.o
 .text._open    0x08007160       0x1c Lib/System_LibcStubs.o
                0x08007160                _open
 .text._lseek   0x0800717c       0x1c Lib/System_LibcStubs.o
                0x0800717c                _lseek
 .text._read    0x08007198       0x1c Lib/System_LibcStubs.o
                0x08007198                _read
 .text._write   0x080071b4       0x1c Lib/System_LibcStubs.o
                0x080071b4                _write
 .text._close   0x080071d0       0x10 Lib/System_LibcStubs.o
                0x080071d0                _close
 .text._fstat   0x080071e0       0x28 Lib/System_LibcStubs.o
                0x080071e0                _fstat
 .text._link    0x08007208       0x28 Lib/System_LibcStubs.o
                0x08007208                _link
 .text._unlink  0x08007230       0x18 Lib/System_LibcStubs.o
                0x08007230                _unlink
 .text._sbrk    0x08007248       0xa0 Lib/System_LibcStubs.o
                0x08007248                _sbrk
 .text._times   0x080072e8       0x18 Lib/System_LibcStubs.o
                0x080072e8                _times
 .text._wait    0x08007300       0x18 Lib/System_LibcStubs.o
                0x08007300                _wait
 .text._kill    0x08007318       0x1c Lib/System_LibcStubs.o
                0x08007318                _kill
 .text._fork    0x08007334       0x10 Lib/System_LibcStubs.o
                0x08007334                _fork
 .text._getpid  0x08007344       0x10 Lib/System_LibcStubs.o
                0x08007344                _getpid
 .text._exit    0x08007354        0xc Lib/System_LibcStubs.o
                0x08007354                _exit
 .text._init    0x08007360        0xc Lib/System_LibcStubs.o
                0x08007360                _init
 .text._isatty  0x0800736c       0x18 Lib/System_LibcStubs.o
                0x0800736c                _isatty
 .text          0x08007384        0x0 Dave/Generated/src/UART001/UART001.o
 .text.UART001_lInit
                0x08007384      0x1a8 Dave/Generated/src/UART001/UART001.o
                0x08007384                UART001_lInit
 .text.UART001_lConfigTXPin
                0x0800752c       0xfc Dave/Generated/src/UART001/UART001.o
                0x0800752c                UART001_lConfigTXPin
 .text.UART001_labsRealType
                0x08007628       0x38 Dave/Generated/src/UART001/UART001.o
                0x08007628                UART001_labsRealType
 .text.UART001_lConfigureBaudRate
                0x08007660      0x4e8 Dave/Generated/src/UART001/UART001.o
                0x08007660                UART001_lConfigureBaudRate
 .text.UART001_Init
                0x08007b48       0x6c Dave/Generated/src/UART001/UART001.o
                0x08007b48                UART001_Init
 .text.UART001_DeInit
                0x08007bb4       0x14 Dave/Generated/src/UART001/UART001.o
                0x08007bb4                UART001_DeInit
 .text.UART001_Configure
                0x08007bc8      0x114 Dave/Generated/src/UART001/UART001.o
                0x08007bc8                UART001_Configure
 .text.UART001_ReadDataMultiple
                0x08007cdc       0x80 Dave/Generated/src/UART001/UART001.o
                0x08007cdc                UART001_ReadDataMultiple
 .text.UART001_ReadDataBytes
                0x08007d5c       0x80 Dave/Generated/src/UART001/UART001.o
                0x08007d5c                UART001_ReadDataBytes
 .text.UART001_WriteDataMultiple
                0x08007ddc       0x90 Dave/Generated/src/UART001/UART001.o
                0x08007ddc                UART001_WriteDataMultiple
 .text.UART001_WriteDataBytes
                0x08007e6c       0x90 Dave/Generated/src/UART001/UART001.o
                0x08007e6c                UART001_WriteDataBytes
 .text.UART001_GetFlagStatus
                0x08007efc       0x98 Dave/Generated/src/UART001/UART001.o
                0x08007efc                UART001_GetFlagStatus
 .text.UART001_ClearFlag
                0x08007f94       0x78 Dave/Generated/src/UART001/UART001.o
                0x08007f94                UART001_ClearFlag
 .text          0x0800800c        0x0 Dave/Generated/src/UART001/UART001_Conf.o
 .text          0x0800800c        0x0 Dave/Generated/src/SYSTM001/SYSTM001.o
 .text.NVIC_GetPriorityGrouping
                0x0800800c       0x20 Dave/Generated/src/SYSTM001/SYSTM001.o
 .text.NVIC_SetPriority
                0x0800802c       0x5c Dave/Generated/src/SYSTM001/SYSTM001.o
 .text.NVIC_EncodePriority
                0x08008088       0x78 Dave/Generated/src/SYSTM001/SYSTM001.o
 .text.SysTick_Config
                0x08008100       0x64 Dave/Generated/src/SYSTM001/SYSTM001.o
 .text.SYSTM001_lInsertTimerList
                0x08008164      0x214 Dave/Generated/src/SYSTM001/SYSTM001.o
 .text.SYSTM001_lRemoveTimerList
                0x08008378       0xd8 Dave/Generated/src/SYSTM001/SYSTM001.o
 .text.SYSTM001_lTimerHandler
                0x08008450       0x94 Dave/Generated/src/SYSTM001/SYSTM001.o
 .text.SysTick_Handler
                0x080084e4       0x5c Dave/Generated/src/SYSTM001/SYSTM001.o
                0x080084e4                SysTick_Handler
 .text.SYSTM001_Init
                0x08008540       0x64 Dave/Generated/src/SYSTM001/SYSTM001.o
                0x08008540                SYSTM001_Init
 .text.SYSTM001_CreateTimer
                0x080085a4      0x1a0 Dave/Generated/src/SYSTM001/SYSTM001.o
                0x080085a4                SYSTM001_CreateTimer
 .text.SYSTM001_StartTimer
                0x08008744       0xb4 Dave/Generated/src/SYSTM001/SYSTM001.o
                0x08008744                SYSTM001_StartTimer
 .text.SYSTM001_StopTimer
                0x080087f8       0x90 Dave/Generated/src/SYSTM001/SYSTM001.o
                0x080087f8                SYSTM001_StopTimer
 .text.SYSTM001_DeleteTimer
                0x08008888       0x9c Dave/Generated/src/SYSTM001/SYSTM001.o
                0x08008888                SYSTM001_DeleteTimer
 .text.SYSTM001_GetTime
                0x08008924       0x18 Dave/Generated/src/SYSTM001/SYSTM001.o
                0x08008924                SYSTM001_GetTime
 .text.SYSTM001_GetSysTickCount
                0x0800893c       0x28 Dave/Generated/src/SYSTM001/SYSTM001.o
                0x0800893c                SYSTM001_GetSysTickCount
 .text          0x08008964        0x0 Dave/Generated/src/RESET001/RESET001.o
 .text.RESET001_AssertReset
                0x08008964       0x54 Dave/Generated/src/RESET001/RESET001.o
                0x08008964                RESET001_AssertReset
 .text.RESET001_DeassertReset
                0x080089b8       0x54 Dave/Generated/src/RESET001/RESET001.o
                0x080089b8                RESET001_DeassertReset
 .text.RESET001_GetResetInfo
                0x08008a0c       0x2c Dave/Generated/src/RESET001/RESET001.o
                0x08008a0c                RESET001_GetResetInfo
 .text.RESET001_GetStatus
                0x08008a38       0x7c Dave/Generated/src/RESET001/RESET001.o
                0x08008a38                RESET001_GetStatus
 .text.RESET001_ClearResetInfo
                0x08008ab4       0x28 Dave/Generated/src/RESET001/RESET001.o
                0x08008ab4                RESET001_ClearResetInfo
 .text          0x08008adc        0x0 Dave/Generated/src/NVIC002/NVIC002.o
 .text.NVIC_GetPriorityGrouping
                0x08008adc       0x20 Dave/Generated/src/NVIC002/NVIC002.o
 .text.NVIC_EnableIRQ
                0x08008afc       0x38 Dave/Generated/src/NVIC002/NVIC002.o
 .text.NVIC_SetPriority
                0x08008b34       0x5c Dave/Generated/src/NVIC002/NVIC002.o
 .text.NVIC_EncodePriority
                0x08008b90       0x78 Dave/Generated/src/NVIC002/NVIC002.o
 .text.NVIC002_EnableIRQ
                0x08008c08       0x20 Dave/Generated/src/NVIC002/NVIC002.o
 .text.NVIC002_Init
                0x08008c28       0x38 Dave/Generated/src/NVIC002/NVIC002.o
                0x08008c28                NVIC002_Init
 .text.NVIC002_lInit
                0x08008c60       0x4c Dave/Generated/src/NVIC002/NVIC002.o
 .text          0x08008cac        0x0 Dave/Generated/src/NVIC002/NVIC002_Conf.o
 .text          0x08008cac        0x0 Dave/Generated/src/LIBS/CCU8PWMLIB.o
 .text          0x08008cac        0x0 Dave/Generated/src/LIBS/MOTORLIB.o
 .text          0x08008cac        0x0 Dave/Generated/src/IO004/IO004.o
 .text.IO004_Init
                0x08008cac      0x1f0 Dave/Generated/src/IO004/IO004.o
                0x08008cac                IO004_Init
 .text.IO004_DisableOutputDriver
                0x08008e9c      0x17c Dave/Generated/src/IO004/IO004.o
                0x08008e9c                IO004_DisableOutputDriver
 .text.IO004_EnableOutputDriver
                0x08009018      0x17c Dave/Generated/src/IO004/IO004.o
                0x08009018                IO004_EnableOutputDriver
 .text          0x08009194        0x0 Dave/Generated/src/IO004/IO004_Conf.o
 .text          0x08009194        0x0 Dave/Generated/src/I2C001/I2C001.o
 .text.I2C001_lInit
                0x08009194      0x1bc Dave/Generated/src/I2C001/I2C001.o
                0x08009194                I2C001_lInit
 .text.I2C001_lConfigureBitRate
                0x08009350      0x1a0 Dave/Generated/src/I2C001/I2C001.o
                0x08009350                I2C001_lConfigureBitRate
 .text.I2C001_Init
                0x080094f0      0x27c Dave/Generated/src/I2C001/I2C001.o
                0x080094f0                I2C001_Init
 .text.I2C001_DeInit
                0x0800976c        0xc Dave/Generated/src/I2C001/I2C001.o
                0x0800976c                I2C001_DeInit
 .text.I2C001_Configure
                0x08009778      0x100 Dave/Generated/src/I2C001/I2C001.o
                0x08009778                I2C001_Configure
 .text.I2C001_ReadData
                0x08009878       0x54 Dave/Generated/src/I2C001/I2C001.o
                0x08009878                I2C001_ReadData
 .text.I2C001_WriteData
                0x080098cc       0x6c Dave/Generated/src/I2C001/I2C001.o
                0x080098cc                I2C001_WriteData
 .text.I2C001_GetFlagStatus
                0x08009938       0xc8 Dave/Generated/src/I2C001/I2C001.o
                0x08009938                I2C001_GetFlagStatus
 .text.I2C001_ClearFlag
                0x08009a00       0x84 Dave/Generated/src/I2C001/I2C001.o
                0x08009a00                I2C001_ClearFlag
 .text          0x08009a84        0x0 Dave/Generated/src/I2C001/I2C001_Conf.o
 .text          0x08009a84        0x0 Dave/Generated/src/DAVESupport/DAVE3.o
 .text.NVIC_SetPriorityGrouping
                0x08009a84       0x50 Dave/Generated/src/DAVESupport/DAVE3.o
 .text.DAVE_Init
                0x08009ad4       0x30 Dave/Generated/src/DAVESupport/DAVE3.o
                0x08009ad4                DAVE_Init
 .text.SystemInit_DAVE3
                0x08009b04        0xc Dave/Generated/src/DAVESupport/DAVE3.o
                0x08009b04                SystemInit_DAVE3
 .text          0x08009b10        0x0 Dave/Generated/src/DAVESupport/MULTIPLEXER.o
 .text.DAVE_MUX_Init
                0x08009b10      0x478 Dave/Generated/src/DAVESupport/MULTIPLEXER.o
                0x08009b10                DAVE_MUX_Init
 .text.DAVE_MUX_PreInit
                0x08009f88        0xc Dave/Generated/src/DAVESupport/MULTIPLEXER.o
                0x08009f88                DAVE_MUX_PreInit
 .text          0x08009f94        0x0 Dave/Generated/src/CLK001/CLK001.o
 .text.CLK001_Delay
                0x08009f94       0x34 Dave/Generated/src/CLK001/CLK001.o
 .text.CLK001_SysClk_Valid
                0x08009fc8       0x38 Dave/Generated/src/CLK001/CLK001.o
 .text.CLK001_BackupClkTrim
                0x0800a000       0x94 Dave/Generated/src/CLK001/CLK001.o
 .text.CLK001_SetMainPLLClkSrc
                0x0800a094       0xf0 Dave/Generated/src/CLK001/CLK001.o
 .text.CLK001_ConfigMainPLL
                0x0800a184      0x15c Dave/Generated/src/CLK001/CLK001.o
 .text.CLK001_FreqStepupMainPLL
                0x0800a2e0      0x164 Dave/Generated/src/CLK001/CLK001.o
 .text.CLK001_SysClk_Init
                0x0800a444       0x50 Dave/Generated/src/CLK001/CLK001.o
 .text.CLK001_Init
                0x0800a494       0x30 Dave/Generated/src/CLK001/CLK001.o
                0x0800a494                CLK001_Init
 .text.AllowPLLInitByStartup
                0x0800a4c4       0x10 Dave/Generated/src/CLK001/CLK001.o
                0x0800a4c4                AllowPLLInitByStartup
 .text          0x0800a4d4        0x0 c:/dave-3.1.10/arm-gcc/bin/../lib/gcc/arm-none-eabi/4.7.4/../../../../arm-none-eabi/lib/armv7e-m\libm.a(lib_a-w_pow.o)
 .text.pow      0x0800a4d4      0x310 c:/dave-3.1.10/arm-gcc/bin/../lib/gcc/arm-none-eabi/4.7.4/../../../../arm-none-eabi/lib/armv7e-m\libm.a(lib_a-w_pow.o)
                0x0800a4d4                pow
 .text          0x0800a7e4        0x0 c:/dave-3.1.10/arm-gcc/bin/../lib/gcc/arm-none-eabi/4.7.4/../../../../arm-none-eabi/lib/armv7e-m\libm.a(lib_a-e_pow.o)
 *fill*         0x0800a7e4        0x4 00
 .text.__ieee754_pow
                0x0800a7e8      0xb20 c:/dave-3.1.10/arm-gcc/bin/../lib/gcc/arm-none-eabi/4.7.4/../../../../arm-none-eabi/lib/armv7e-m\libm.a(lib_a-e_pow.o)
                0x0800a7e8                __ieee754_pow
 .text          0x0800b308        0x0 c:/dave-3.1.10/arm-gcc/bin/../lib/gcc/arm-none-eabi/4.7.4/../../../../arm-none-eabi/lib/armv7e-m\libm.a(lib_a-e_sqrt.o)
 .text.__ieee754_sqrt
                0x0800b308      0x208 c:/dave-3.1.10/arm-gcc/bin/../lib/gcc/arm-none-eabi/4.7.4/../../../../arm-none-eabi/lib/armv7e-m\libm.a(lib_a-e_sqrt.o)
                0x0800b308                __ieee754_sqrt
 .text          0x0800b510        0x0 c:/dave-3.1.10/arm-gcc/bin/../lib/gcc/arm-none-eabi/4.7.4/../../../../arm-none-eabi/lib/armv7e-m\libm.a(lib_a-s_fabs.o)
 .text.fabs     0x0800b510        0x8 c:/dave-3.1.10/arm-gcc/bin/../lib/gcc/arm-none-eabi/4.7.4/../../../../arm-none-eabi/lib/armv7e-m\libm.a(lib_a-s_fabs.o)
                0x0800b510                fabs
 .text          0x0800b518        0x0 c:/dave-3.1.10/arm-gcc/bin/../lib/gcc/arm-none-eabi/4.7.4/../../../../arm-none-eabi/lib/armv7e-m\libm.a(lib_a-s_finite.o)
 .text.finite   0x0800b518        0xc c:/dave-3.1.10/arm-gcc/bin/../lib/gcc/arm-none-eabi/4.7.4/../../../../arm-none-eabi/lib/armv7e-m\libm.a(lib_a-s_finite.o)
                0x0800b518                finite
 .text          0x0800b524        0x0 c:/dave-3.1.10/arm-gcc/bin/../lib/gcc/arm-none-eabi/4.7.4/../../../../arm-none-eabi/lib/armv7e-m\libm.a(lib_a-s_fpclassify.o)
 .text.__fpclassifyd
                0x0800b524       0x68 c:/dave-3.1.10/arm-gcc/bin/../lib/gcc/arm-none-eabi/4.7.4/../../../../arm-none-eabi/lib/armv7e-m\libm.a(lib_a-s_fpclassify.o)
                0x0800b524                __fpclassifyd
 .text          0x0800b58c        0x0 c:/dave-3.1.10/arm-gcc/bin/../lib/gcc/arm-none-eabi/4.7.4/../../../../arm-none-eabi/lib/armv7e-m\libm.a(lib_a-s_lib_ver.o)
 .text          0x0800b58c        0x0 c:/dave-3.1.10/arm-gcc/bin/../lib/gcc/arm-none-eabi/4.7.4/../../../../arm-none-eabi/lib/armv7e-m\libm.a(lib_a-s_matherr.o)
 .text.matherr  0x0800b58c        0x4 c:/dave-3.1.10/arm-gcc/bin/../lib/gcc/arm-none-eabi/4.7.4/../../../../arm-none-eabi/lib/armv7e-m\libm.a(lib_a-s_matherr.o)
                0x0800b58c                matherr
 .text          0x0800b590        0x0 c:/dave-3.1.10/arm-gcc/bin/../lib/gcc/arm-none-eabi/4.7.4/../../../../arm-none-eabi/lib/armv7e-m\libm.a(lib_a-s_nan.o)
 .text.nan      0x0800b590        0xc c:/dave-3.1.10/arm-gcc/bin/../lib/gcc/arm-none-eabi/4.7.4/../../../../arm-none-eabi/lib/armv7e-m\libm.a(lib_a-s_nan.o)
                0x0800b590                nan
 .text          0x0800b59c        0x0 c:/dave-3.1.10/arm-gcc/bin/../lib/gcc/arm-none-eabi/4.7.4/../../../../arm-none-eabi/lib/armv7e-m\libm.a(lib_a-s_rint.o)
 .text.rint     0x0800b59c      0x128 c:/dave-3.1.10/arm-gcc/bin/../lib/gcc/arm-none-eabi/4.7.4/../../../../arm-none-eabi/lib/armv7e-m\libm.a(lib_a-s_rint.o)
                0x0800b59c                rint
 .text          0x0800b6c4        0x0 c:/dave-3.1.10/arm-gcc/bin/../lib/gcc/arm-none-eabi/4.7.4/../../../../arm-none-eabi/lib/armv7e-m\libm.a(lib_a-s_scalbn.o)
 *fill*         0x0800b6c4        0x4 00
 .text.scalbn   0x0800b6c8      0x108 c:/dave-3.1.10/arm-gcc/bin/../lib/gcc/arm-none-eabi/4.7.4/../../../../arm-none-eabi/lib/armv7e-m\libm.a(lib_a-s_scalbn.o)
                0x0800b6c8                scalbn
 .text          0x0800b7d0        0x0 c:/dave-3.1.10/arm-gcc/bin/../lib/gcc/arm-none-eabi/4.7.4/../../../../arm-none-eabi/lib/armv7e-m\libm.a(lib_a-s_copysign.o)
 .text.copysign
                0x0800b7d0       0x18 c:/dave-3.1.10/arm-gcc/bin/../lib/gcc/arm-none-eabi/4.7.4/../../../../arm-none-eabi/lib/armv7e-m\libm.a(lib_a-s_copysign.o)
                0x0800b7d0                copysign
 .text          0x0800b7e8      0x370 c:/dave-3.1.10/arm-gcc/bin/../lib/gcc/arm-none-eabi/4.7.4/armv7e-m\libgcc.a(_arm_addsubdf3.o)
                0x0800b7e8                __aeabi_drsub
                0x0800b7f0                __aeabi_dsub
                0x0800b7f0                __subdf3
                0x0800b7f4                __aeabi_dadd
                0x0800b7f4                __adddf3
                0x0800ba6c                __floatunsidf
                0x0800ba6c                __aeabi_ui2d
                0x0800ba8c                __floatsidf
                0x0800ba8c                __aeabi_i2d
                0x0800bab0                __aeabi_f2d
                0x0800bab0                __extendsfdf2
                0x0800baec                __floatundidf
                0x0800baec                __aeabi_ul2d
                0x0800bafc                __floatdidf
                0x0800bafc                __aeabi_l2d
 .text          0x0800bb58      0x424 c:/dave-3.1.10/arm-gcc/bin/../lib/gcc/arm-none-eabi/4.7.4/armv7e-m\libgcc.a(_arm_muldivdf3.o)
                0x0800bb58                __aeabi_dmul
                0x0800bb58                __muldf3
                0x0800bdac                __divdf3
                0x0800bdac                __aeabi_ddiv
 .text          0x0800bf7c      0x110 c:/dave-3.1.10/arm-gcc/bin/../lib/gcc/arm-none-eabi/4.7.4/armv7e-m\libgcc.a(_arm_cmpdf2.o)
                0x0800bf7c                __gtdf2
                0x0800bf7c                __gedf2
                0x0800bf84                __ltdf2
                0x0800bf84                __ledf2
                0x0800bf8c                __nedf2
                0x0800bf8c                __eqdf2
                0x0800bf8c                __cmpdf2
                0x0800c008                __aeabi_cdrcmple
                0x0800c018                __aeabi_cdcmpeq
                0x0800c018                __aeabi_cdcmple
                0x0800c028                __aeabi_dcmpeq
                0x0800c03c                __aeabi_dcmplt
                0x0800c050                __aeabi_dcmple
                0x0800c064                __aeabi_dcmpge
                0x0800c078                __aeabi_dcmpgt
 .text          0x0800c08c       0x50 c:/dave-3.1.10/arm-gcc/bin/../lib/gcc/arm-none-eabi/4.7.4/armv7e-m\libgcc.a(_arm_fixdfsi.o)
                0x0800c08c                __aeabi_d2iz
                0x0800c08c                __fixdfsi
 .text          0x0800c0dc       0xa0 c:/dave-3.1.10/arm-gcc/bin/../lib/gcc/arm-none-eabi/4.7.4/armv7e-m\libgcc.a(_arm_truncdfsf2.o)
                0x0800c0dc                __truncdfsf2
                0x0800c0dc                __aeabi_d2f
 .text          0x0800c17c        0x0 c:/dave-3.1.10/arm-gcc/bin/../lib/gcc/arm-none-eabi/4.7.4/../../../../arm-none-eabi/lib/armv7e-m\libg.a(lib_a-errno.o)
 .text.__errno  0x0800c17c        0xc c:/dave-3.1.10/arm-gcc/bin/../lib/gcc/arm-none-eabi/4.7.4/../../../../arm-none-eabi/lib/armv7e-m\libg.a(lib_a-errno.o)
                0x0800c17c                __errno
 .text          0x0800c188        0x0 c:/dave-3.1.10/arm-gcc/bin/../lib/gcc/arm-none-eabi/4.7.4/../../../../arm-none-eabi/lib/armv7e-m\libg.a(lib_a-impure.o)
 .text          0x0800c188        0x0 c:/dave-3.1.10/arm-gcc/bin/../lib/gcc/arm-none-eabi/4.7.4/../../../../arm-none-eabi/lib/armv7e-m\libg.a(lib_a-init.o)
 .text.__libc_init_array
                0x0800c188       0x94 c:/dave-3.1.10/arm-gcc/bin/../lib/gcc/arm-none-eabi/4.7.4/../../../../arm-none-eabi/lib/armv7e-m\libg.a(lib_a-init.o)
                0x0800c188                __libc_init_array
 .text          0x0800c21c        0x0 c:/dave-3.1.10/arm-gcc/bin/../lib/gcc/arm-none-eabi/4.7.4/../../../../arm-none-eabi/lib/armv7e-m\libg.a(lib_a-malloc.o)
 .text.malloc   0x0800c21c       0x10 c:/dave-3.1.10/arm-gcc/bin/../lib/gcc/arm-none-eabi/4.7.4/../../../../arm-none-eabi/lib/armv7e-m\libg.a(lib_a-malloc.o)
                0x0800c21c                malloc
 .text.free     0x0800c22c       0x10 c:/dave-3.1.10/arm-gcc/bin/../lib/gcc/arm-none-eabi/4.7.4/../../../../arm-none-eabi/lib/armv7e-m\libg.a(lib_a-malloc.o)
                0x0800c22c                free
 .text          0x0800c23c        0x0 c:/dave-3.1.10/arm-gcc/bin/../lib/gcc/arm-none-eabi/4.7.4/../../../../arm-none-eabi/lib/armv7e-m\libg.a(lib_a-mallocr.o)
 .text._malloc_r
                0x0800c23c      0x55c c:/dave-3.1.10/arm-gcc/bin/../lib/gcc/arm-none-eabi/4.7.4/../../../../arm-none-eabi/lib/armv7e-m\libg.a(lib_a-mallocr.o)
                0x0800c23c                _malloc_r
 .text          0x0800c798        0x0 c:/dave-3.1.10/arm-gcc/bin/../lib/gcc/arm-none-eabi/4.7.4/../../../../arm-none-eabi/lib/armv7e-m\libg.a(lib_a-memcpy.o)
 .text.memcpy   0x0800c798      0x144 c:/dave-3.1.10/arm-gcc/bin/../lib/gcc/arm-none-eabi/4.7.4/../../../../arm-none-eabi/lib/armv7e-m\libg.a(lib_a-memcpy.o)
                0x0800c798                memcpy
 .text          0x0800c8dc        0x0 c:/dave-3.1.10/arm-gcc/bin/../lib/gcc/arm-none-eabi/4.7.4/../../../../arm-none-eabi/lib/armv7e-m\libg.a(lib_a-mlock.o)
 .text.__malloc_lock
                0x0800c8dc        0x4 c:/dave-3.1.10/arm-gcc/bin/../lib/gcc/arm-none-eabi/4.7.4/../../../../arm-none-eabi/lib/armv7e-m\libg.a(lib_a-mlock.o)
                0x0800c8dc                __malloc_lock
 .text.__malloc_unlock
                0x0800c8e0        0x4 c:/dave-3.1.10/arm-gcc/bin/../lib/gcc/arm-none-eabi/4.7.4/../../../../arm-none-eabi/lib/armv7e-m\libg.a(lib_a-mlock.o)
                0x0800c8e0                __malloc_unlock
 .text          0x0800c8e4        0x0 c:/dave-3.1.10/arm-gcc/bin/../lib/gcc/arm-none-eabi/4.7.4/../../../../arm-none-eabi/lib/armv7e-m\libg.a(lib_a-sbrkr.o)
 .text._sbrk_r  0x0800c8e4       0x24 c:/dave-3.1.10/arm-gcc/bin/../lib/gcc/arm-none-eabi/4.7.4/../../../../arm-none-eabi/lib/armv7e-m\libg.a(lib_a-sbrkr.o)
                0x0800c8e4                _sbrk_r
 .text          0x0800c908        0x0 c:/dave-3.1.10/arm-gcc/bin/../lib/gcc/arm-none-eabi/4.7.4/../../../../arm-none-eabi/lib/armv7e-m\libg.a(lib_a-sprintf.o)
 .text._sprintf_r
                0x0800c908       0x44 c:/dave-3.1.10/arm-gcc/bin/../lib/gcc/arm-none-eabi/4.7.4/../../../../arm-none-eabi/lib/armv7e-m\libg.a(lib_a-sprintf.o)
                0x0800c908                _sprintf_r
 .text.sprintf  0x0800c94c       0x50 c:/dave-3.1.10/arm-gcc/bin/../lib/gcc/arm-none-eabi/4.7.4/../../../../arm-none-eabi/lib/armv7e-m\libg.a(lib_a-sprintf.o)
                0x0800c94c                sprintf
 .text          0x0800c99c        0x0 c:/dave-3.1.10/arm-gcc/bin/../lib/gcc/arm-none-eabi/4.7.4/../../../../arm-none-eabi/lib/armv7e-m\libg.a(lib_a-strchr.o)
 .text.strchr   0x0800c99c       0xfc c:/dave-3.1.10/arm-gcc/bin/../lib/gcc/arm-none-eabi/4.7.4/../../../../arm-none-eabi/lib/armv7e-m\libg.a(lib_a-strchr.o)
                0x0800c99c                strchr
 .text          0x0800ca98        0x0 c:/dave-3.1.10/arm-gcc/bin/../lib/gcc/arm-none-eabi/4.7.4/../../../../arm-none-eabi/lib/armv7e-m\libg.a(lib_a-strcmp.o)
 .text.strcmp   0x0800ca98       0x80 c:/dave-3.1.10/arm-gcc/bin/../lib/gcc/arm-none-eabi/4.7.4/../../../../arm-none-eabi/lib/armv7e-m\libg.a(lib_a-strcmp.o)
                0x0800ca98                strcmp
 .text.strcmp_unaligned
                0x0800cb18      0x15c c:/dave-3.1.10/arm-gcc/bin/../lib/gcc/arm-none-eabi/4.7.4/../../../../arm-none-eabi/lib/armv7e-m\libg.a(lib_a-strcmp.o)
 .text          0x0800cc74        0x0 c:/dave-3.1.10/arm-gcc/bin/../lib/gcc/arm-none-eabi/4.7.4/../../../../arm-none-eabi/lib/armv7e-m\libg.a(lib_a-strlen.o)
 .text.strlen   0x0800cc74       0x60 c:/dave-3.1.10/arm-gcc/bin/../lib/gcc/arm-none-eabi/4.7.4/../../../../arm-none-eabi/lib/armv7e-m\libg.a(lib_a-strlen.o)
                0x0800cc74                strlen
 .text          0x0800ccd4        0x0 c:/dave-3.1.10/arm-gcc/bin/../lib/gcc/arm-none-eabi/4.7.4/../../../../arm-none-eabi/lib/armv7e-m\libg.a(lib_a-strstr.o)
 .text.critical_factorization
                0x0800ccd4       0xbc c:/dave-3.1.10/arm-gcc/bin/../lib/gcc/arm-none-eabi/4.7.4/../../../../arm-none-eabi/lib/armv7e-m\libg.a(lib_a-strstr.o)
 .text.two_way_long_needle
                0x0800cd90      0x318 c:/dave-3.1.10/arm-gcc/bin/../lib/gcc/arm-none-eabi/4.7.4/../../../../arm-none-eabi/lib/armv7e-m\libg.a(lib_a-strstr.o)
 .text.strstr   0x0800d0a8      0x2f0 c:/dave-3.1.10/arm-gcc/bin/../lib/gcc/arm-none-eabi/4.7.4/../../../../arm-none-eabi/lib/armv7e-m\libg.a(lib_a-strstr.o)
                0x0800d0a8                strstr
 .text          0x0800d398        0x0 c:/dave-3.1.10/arm-gcc/bin/../lib/gcc/arm-none-eabi/4.7.4/../../../../arm-none-eabi/lib/armv7e-m\libg.a(lib_a-svfprintf.o)
 .text._svfprintf_r
                0x0800d398     0x1adc c:/dave-3.1.10/arm-gcc/bin/../lib/gcc/arm-none-eabi/4.7.4/../../../../arm-none-eabi/lib/armv7e-m\libg.a(lib_a-svfprintf.o)
                0x0800d398                _svfprintf_r
 .text          0x0800ee74        0x0 c:/dave-3.1.10/arm-gcc/bin/../lib/gcc/arm-none-eabi/4.7.4/../../../../arm-none-eabi/lib/armv7e-m\libg.a(lib_a-dtoa.o)
 .text.quorem   0x0800ee74      0x2ec c:/dave-3.1.10/arm-gcc/bin/../lib/gcc/arm-none-eabi/4.7.4/../../../../arm-none-eabi/lib/armv7e-m\libg.a(lib_a-dtoa.o)
 .text._dtoa_r  0x0800f160     0x1258 c:/dave-3.1.10/arm-gcc/bin/../lib/gcc/arm-none-eabi/4.7.4/../../../../arm-none-eabi/lib/armv7e-m\libg.a(lib_a-dtoa.o)
                0x0800f160                _dtoa_r
 .text          0x080103b8        0x0 c:/dave-3.1.10/arm-gcc/bin/../lib/gcc/arm-none-eabi/4.7.4/../../../../arm-none-eabi/lib/armv7e-m\libg.a(lib_a-freer.o)
 .text._malloc_trim_r
                0x080103b8       0x98 c:/dave-3.1.10/arm-gcc/bin/../lib/gcc/arm-none-eabi/4.7.4/../../../../arm-none-eabi/lib/armv7e-m\libg.a(lib_a-freer.o)
                0x080103b8                _malloc_trim_r
 .text._free_r  0x08010450      0x194 c:/dave-3.1.10/arm-gcc/bin/../lib/gcc/arm-none-eabi/4.7.4/../../../../arm-none-eabi/lib/armv7e-m\libg.a(lib_a-freer.o)
                0x08010450                _free_r
 .text          0x080105e4        0x0 c:/dave-3.1.10/arm-gcc/bin/../lib/gcc/arm-none-eabi/4.7.4/../../../../arm-none-eabi/lib/armv7e-m\libg.a(lib_a-locale.o)
 .text._setlocale_r
                0x080105e4       0x40 c:/dave-3.1.10/arm-gcc/bin/../lib/gcc/arm-none-eabi/4.7.4/../../../../arm-none-eabi/lib/armv7e-m\libg.a(lib_a-locale.o)
                0x080105e4                _setlocale_r
 .text.__locale_charset
                0x08010624        0xc c:/dave-3.1.10/arm-gcc/bin/../lib/gcc/arm-none-eabi/4.7.4/../../../../arm-none-eabi/lib/armv7e-m\libg.a(lib_a-locale.o)
                0x08010624                __locale_charset
 .text.__locale_mb_cur_max
                0x08010630        0xc c:/dave-3.1.10/arm-gcc/bin/../lib/gcc/arm-none-eabi/4.7.4/../../../../arm-none-eabi/lib/armv7e-m\libg.a(lib_a-locale.o)
                0x08010630                __locale_mb_cur_max
 .text.__locale_msgcharset
                0x0801063c        0xc c:/dave-3.1.10/arm-gcc/bin/../lib/gcc/arm-none-eabi/4.7.4/../../../../arm-none-eabi/lib/armv7e-m\libg.a(lib_a-locale.o)
                0x0801063c                __locale_msgcharset
 .text.__locale_cjk_lang
                0x08010648        0x4 c:/dave-3.1.10/arm-gcc/bin/../lib/gcc/arm-none-eabi/4.7.4/../../../../arm-none-eabi/lib/armv7e-m\libg.a(lib_a-locale.o)
                0x08010648                __locale_cjk_lang
 .text._localeconv_r
                0x0801064c        0xc c:/dave-3.1.10/arm-gcc/bin/../lib/gcc/arm-none-eabi/4.7.4/../../../../arm-none-eabi/lib/armv7e-m\libg.a(lib_a-locale.o)
                0x0801064c                _localeconv_r
 .text.setlocale
                0x08010658       0x18 c:/dave-3.1.10/arm-gcc/bin/../lib/gcc/arm-none-eabi/4.7.4/../../../../arm-none-eabi/lib/armv7e-m\libg.a(lib_a-locale.o)
                0x08010658                setlocale
 .text.localeconv
                0x08010670        0xc c:/dave-3.1.10/arm-gcc/bin/../lib/gcc/arm-none-eabi/4.7.4/../../../../arm-none-eabi/lib/armv7e-m\libg.a(lib_a-locale.o)
                0x08010670                localeconv
 .text          0x0801067c        0x0 c:/dave-3.1.10/arm-gcc/bin/../lib/gcc/arm-none-eabi/4.7.4/../../../../arm-none-eabi/lib/armv7e-m\libg.a(lib_a-memchr.o)
 .text.memchr   0x0801067c      0x140 c:/dave-3.1.10/arm-gcc/bin/../lib/gcc/arm-none-eabi/4.7.4/../../../../arm-none-eabi/lib/armv7e-m\libg.a(lib_a-memchr.o)
                0x0801067c                memchr
 .text          0x080107bc        0x0 c:/dave-3.1.10/arm-gcc/bin/../lib/gcc/arm-none-eabi/4.7.4/../../../../arm-none-eabi/lib/armv7e-m\libg.a(lib_a-memcmp.o)
 .text.memcmp   0x080107bc       0xb8 c:/dave-3.1.10/arm-gcc/bin/../lib/gcc/arm-none-eabi/4.7.4/../../../../arm-none-eabi/lib/armv7e-m\libg.a(lib_a-memcmp.o)
                0x080107bc                memcmp
 .text          0x08010874        0x0 c:/dave-3.1.10/arm-gcc/bin/../lib/gcc/arm-none-eabi/4.7.4/../../../../arm-none-eabi/lib/armv7e-m\libg.a(lib_a-mprec.o)
 .text._Balloc  0x08010874       0x4c c:/dave-3.1.10/arm-gcc/bin/../lib/gcc/arm-none-eabi/4.7.4/../../../../arm-none-eabi/lib/armv7e-m\libg.a(lib_a-mprec.o)
                0x08010874                _Balloc
 .text._Bfree   0x080108c0       0x14 c:/dave-3.1.10/arm-gcc/bin/../lib/gcc/arm-none-eabi/4.7.4/../../../../arm-none-eabi/lib/armv7e-m\libg.a(lib_a-mprec.o)
                0x080108c0                _Bfree
 .text.__multadd
                0x080108d4       0xf8 c:/dave-3.1.10/arm-gcc/bin/../lib/gcc/arm-none-eabi/4.7.4/../../../../arm-none-eabi/lib/armv7e-m\libg.a(lib_a-mprec.o)
                0x080108d4                __multadd
 .text.__s2b    0x080109cc      0x140 c:/dave-3.1.10/arm-gcc/bin/../lib/gcc/arm-none-eabi/4.7.4/../../../../arm-none-eabi/lib/armv7e-m\libg.a(lib_a-mprec.o)
                0x080109cc                __s2b
 .text.__hi0bits
                0x08010b0c       0x3c c:/dave-3.1.10/arm-gcc/bin/../lib/gcc/arm-none-eabi/4.7.4/../../../../arm-none-eabi/lib/armv7e-m\libg.a(lib_a-mprec.o)
                0x08010b0c                __hi0bits
 .text.__lo0bits
                0x08010b48       0x5c c:/dave-3.1.10/arm-gcc/bin/../lib/gcc/arm-none-eabi/4.7.4/../../../../arm-none-eabi/lib/armv7e-m\libg.a(lib_a-mprec.o)
                0x08010b48                __lo0bits
 .text.__i2b    0x08010ba4       0x14 c:/dave-3.1.10/arm-gcc/bin/../lib/gcc/arm-none-eabi/4.7.4/../../../../arm-none-eabi/lib/armv7e-m\libg.a(lib_a-mprec.o)
                0x08010ba4                __i2b
 .text.__multiply
                0x08010bb8      0x2d0 c:/dave-3.1.10/arm-gcc/bin/../lib/gcc/arm-none-eabi/4.7.4/../../../../arm-none-eabi/lib/armv7e-m\libg.a(lib_a-mprec.o)
                0x08010bb8                __multiply
 .text.__pow5mult
                0x08010e88       0x94 c:/dave-3.1.10/arm-gcc/bin/../lib/gcc/arm-none-eabi/4.7.4/../../../../arm-none-eabi/lib/armv7e-m\libg.a(lib_a-mprec.o)
                0x08010e88                __pow5mult
 .text.__lshift
                0x08010f1c      0x188 c:/dave-3.1.10/arm-gcc/bin/../lib/gcc/arm-none-eabi/4.7.4/../../../../arm-none-eabi/lib/armv7e-m\libg.a(lib_a-mprec.o)
                0x08010f1c                __lshift
 .text.__mcmp   0x080110a4       0x5c c:/dave-3.1.10/arm-gcc/bin/../lib/gcc/arm-none-eabi/4.7.4/../../../../arm-none-eabi/lib/armv7e-m\libg.a(lib_a-mprec.o)
                0x080110a4                __mcmp
 .text.__mdiff  0x08011100      0x20c c:/dave-3.1.10/arm-gcc/bin/../lib/gcc/arm-none-eabi/4.7.4/../../../../arm-none-eabi/lib/armv7e-m\libg.a(lib_a-mprec.o)
                0x08011100                __mdiff
 .text.__ulp    0x0801130c       0x44 c:/dave-3.1.10/arm-gcc/bin/../lib/gcc/arm-none-eabi/4.7.4/../../../../arm-none-eabi/lib/armv7e-m\libg.a(lib_a-mprec.o)
                0x0801130c                __ulp
 .text.__b2d    0x08011350       0xbc c:/dave-3.1.10/arm-gcc/bin/../lib/gcc/arm-none-eabi/4.7.4/../../../../arm-none-eabi/lib/armv7e-m\libg.a(lib_a-mprec.o)
                0x08011350                __b2d
 .text.__d2b    0x0801140c       0xc0 c:/dave-3.1.10/arm-gcc/bin/../lib/gcc/arm-none-eabi/4.7.4/../../../../arm-none-eabi/lib/armv7e-m\libg.a(lib_a-mprec.o)
                0x0801140c                __d2b
 .text.__ratio  0x080114cc       0x54 c:/dave-3.1.10/arm-gcc/bin/../lib/gcc/arm-none-eabi/4.7.4/../../../../arm-none-eabi/lib/armv7e-m\libg.a(lib_a-mprec.o)
                0x080114cc                __ratio
 .text._mprec_log10
                0x08011520       0x68 c:/dave-3.1.10/arm-gcc/bin/../lib/gcc/arm-none-eabi/4.7.4/../../../../arm-none-eabi/lib/armv7e-m\libg.a(lib_a-mprec.o)
                0x08011520                _mprec_log10
 .text.__copybits
                0x08011588       0xa4 c:/dave-3.1.10/arm-gcc/bin/../lib/gcc/arm-none-eabi/4.7.4/../../../../arm-none-eabi/lib/armv7e-m\libg.a(lib_a-mprec.o)
                0x08011588                __copybits
 .text.__any_on
                0x0801162c       0x74 c:/dave-3.1.10/arm-gcc/bin/../lib/gcc/arm-none-eabi/4.7.4/../../../../arm-none-eabi/lib/armv7e-m\libg.a(lib_a-mprec.o)
                0x0801162c                __any_on
 .text          0x080116a0        0x0 c:/dave-3.1.10/arm-gcc/bin/../lib/gcc/arm-none-eabi/4.7.4/../../../../arm-none-eabi/lib/armv7e-m\libg.a(lib_a-reent.o)
 .text.cleanup_glue
                0x080116a0       0x1c c:/dave-3.1.10/arm-gcc/bin/../lib/gcc/arm-none-eabi/4.7.4/../../../../arm-none-eabi/lib/armv7e-m\libg.a(lib_a-reent.o)
                0x080116a0                cleanup_glue
 .text._reclaim_reent
                0x080116bc       0x8c c:/dave-3.1.10/arm-gcc/bin/../lib/gcc/arm-none-eabi/4.7.4/../../../../arm-none-eabi/lib/armv7e-m\libg.a(lib_a-reent.o)
                0x080116bc                _reclaim_reent
 .text._wrapup_reent
                0x08011748       0x74 c:/dave-3.1.10/arm-gcc/bin/../lib/gcc/arm-none-eabi/4.7.4/../../../../arm-none-eabi/lib/armv7e-m\libg.a(lib_a-reent.o)
                0x08011748                _wrapup_reent
 .text          0x080117bc        0x0 c:/dave-3.1.10/arm-gcc/bin/../lib/gcc/arm-none-eabi/4.7.4/../../../../arm-none-eabi/lib/armv7e-m\libg.a(lib_a-svfiprintf.o)
 .text.__ssprint_r
                0x080117bc      0x100 c:/dave-3.1.10/arm-gcc/bin/../lib/gcc/arm-none-eabi/4.7.4/../../../../arm-none-eabi/lib/armv7e-m\libg.a(lib_a-svfiprintf.o)
                0x080117bc                __ssprint_r
 .text._svfiprintf_r
                0x080118bc      0xde0 c:/dave-3.1.10/arm-gcc/bin/../lib/gcc/arm-none-eabi/4.7.4/../../../../arm-none-eabi/lib/armv7e-m\libg.a(lib_a-svfiprintf.o)
                0x080118bc                _svfiprintf_r
 .text          0x0801269c        0x0 c:/dave-3.1.10/arm-gcc/bin/../lib/gcc/arm-none-eabi/4.7.4/../../../../arm-none-eabi/lib/armv7e-m\libg.a(lib_a-callocr.o)
 .text._calloc_r
                0x0801269c       0x60 c:/dave-3.1.10/arm-gcc/bin/../lib/gcc/arm-none-eabi/4.7.4/../../../../arm-none-eabi/lib/armv7e-m\libg.a(lib_a-callocr.o)
                0x0801269c                _calloc_r
 .text          0x080126fc        0x0 c:/dave-3.1.10/arm-gcc/bin/../lib/gcc/arm-none-eabi/4.7.4/../../../../arm-none-eabi/lib/armv7e-m\libg.a(lib_a-memmove.o)
 .text.memmove  0x080126fc      0x198 c:/dave-3.1.10/arm-gcc/bin/../lib/gcc/arm-none-eabi/4.7.4/../../../../arm-none-eabi/lib/armv7e-m\libg.a(lib_a-memmove.o)
                0x080126fc                memmove
 .text          0x08012894        0x0 c:/dave-3.1.10/arm-gcc/bin/../lib/gcc/arm-none-eabi/4.7.4/../../../../arm-none-eabi/lib/armv7e-m\libg.a(lib_a-memset.o)
 .text.memset   0x08012894      0x12c c:/dave-3.1.10/arm-gcc/bin/../lib/gcc/arm-none-eabi/4.7.4/../../../../arm-none-eabi/lib/armv7e-m\libg.a(lib_a-memset.o)
                0x08012894                memset
 .text          0x080129c0        0x0 c:/dave-3.1.10/arm-gcc/bin/../lib/gcc/arm-none-eabi/4.7.4/../../../../arm-none-eabi/lib/armv7e-m\libg.a(lib_a-reallocr.o)
 .text._realloc_r
                0x080129c0      0x3dc c:/dave-3.1.10/arm-gcc/bin/../lib/gcc/arm-none-eabi/4.7.4/../../../../arm-none-eabi/lib/armv7e-m\libg.a(lib_a-reallocr.o)
                0x080129c0                _realloc_r
 .text          0x08012d9c       0x2c c:/dave-3.1.10/arm-gcc/bin/../lib/gcc/arm-none-eabi/4.7.4/armv7e-m\libgcc.a(_aeabi_uldivmod.o)
                0x08012d9c                __aeabi_uldivmod
 .text          0x08012dc8       0x58 c:/dave-3.1.10/arm-gcc/bin/../lib/gcc/arm-none-eabi/4.7.4/armv7e-m\libgcc.a(bpabi.o)
                0x08012dc8                __gnu_ldivmod_helper
                0x08012df4                __gnu_uldivmod_helper
 .text          0x08012e20        0x4 c:/dave-3.1.10/arm-gcc/bin/../lib/gcc/arm-none-eabi/4.7.4/armv7e-m\libgcc.a(_dvmd_tls.o)
                0x08012e20                __aeabi_idiv0
                0x08012e20                __aeabi_ldiv0
 .text          0x08012e24      0x2bc c:/dave-3.1.10/arm-gcc/bin/../lib/gcc/arm-none-eabi/4.7.4/armv7e-m\libgcc.a(_divdi3.o)
                0x08012e24                __divdi3
 .text          0x080130e0      0x288 c:/dave-3.1.10/arm-gcc/bin/../lib/gcc/arm-none-eabi/4.7.4/armv7e-m\libgcc.a(_udivdi3.o)
                0x080130e0                __udivdi3
 *(.glue*)
 .glue_7        0x00000000        0x0 linker stubs
 .glue_7t       0x00000000        0x0 linker stubs
 *(.v4*)
 .v4_bx         0x00000000        0x0 linker stubs
 *(.vfp11_veneer)
 .vfp11_veneer  0x00000000        0x0 linker stubs
 *(.init)
                0x08013368                __preinit_array_start = .
 *(.preinit_array)
                0x08013368                __preinit_array_end = .
                0x08013368                __init_array_start = .
 *(SORT(.init_array.*))
 *(.init_array)
                0x08013368                __init_array_end = .
 *crtbegin.o(.ctors)
 *(EXCLUDE_FILE(*crtend.o) .ctors)
 *(SORT(.ctors.*))
 *crtend.o(.ctors)
 *(.fini)
                0x08013368                __fini_array_start = .
 *(.fini_array)
 *(SORT(.fini_array.*))
                0x08013368                __fini_array_end = .
 *crtbegin.o(.dtors)
 *(EXCLUDE_FILE(*crtend.o) .dtors)
 *(SORT(.dtors.*))
 *crtend.o(.dtors)
                0x08013368                __extab_start = .
 *(.ARM.extab* .gnu.linkonce.armextab.*)
 .ARM.extab.Xmc4500.reset
                0x08013368        0x0 Startup/startup_XMC4500.o
 .ARM.extab.Xmc4500.postreset
                0x08013368        0x0 Startup/startup_XMC4500.o
 .ARM.extab     0x08013368        0x0 c:/dave-3.1.10/arm-gcc/bin/../lib/gcc/arm-none-eabi/4.7.4/armv7e-m\libgcc.a(_divdi3.o)
 .ARM.extab     0x08013368        0x0 c:/dave-3.1.10/arm-gcc/bin/../lib/gcc/arm-none-eabi/4.7.4/armv7e-m\libgcc.a(_udivdi3.o)
                0x08013368                . = ALIGN (0x4)
                0x08013368                __extab_end = ABSOLUTE (.)

.iplt           0x08013368        0x0 load address 0x0c013368
 .iplt          0x00000000        0x0 BluetoothDriver.o

.ARM.exidx      0x08013368       0x10 load address 0x0c013368
                0x08013368                __exidx_start = .
 *(.ARM.exidx* .gnu.linkonce.armexidx.*)
 .ARM.exidx.Xmc4500.reset
                0x08013368        0x8 Startup/startup_XMC4500.o
 .ARM.exidx.Xmc4500.postreset
                0x08013370        0x8 Startup/startup_XMC4500.o
 .ARM.exidx     0x08013378        0x0 c:/dave-3.1.10/arm-gcc/bin/../lib/gcc/arm-none-eabi/4.7.4/armv7e-m\libgcc.a(_divdi3.o)
                                  0x8 (size before relaxing)
 .ARM.exidx     0x08013378        0x0 c:/dave-3.1.10/arm-gcc/bin/../lib/gcc/arm-none-eabi/4.7.4/armv7e-m\libgcc.a(_udivdi3.o)
                                  0x8 (size before relaxing)
                0x08013378                . = ALIGN (0x4)
                0x08013378                __exidx_end = ABSOLUTE (.)

.rodata         0x08013378      0x5f8 load address 0x0c013378
 *(.rodata .rodata.*)
 .rodata        0x08013378      0x144 BluetoothDriver.o
 .rodata        0x080134bc      0x1ec SendMeasurementsToBt.o
 .rodata        0x080136a8       0x34 Dave/Generated/src/UART001/UART001_Conf.o
                0x080136a8                UART001_Handle0
 .rodata        0x080136dc        0xc Dave/Generated/src/NVIC002/NVIC002_Conf.o
                0x080136dc                NVIC002_Handle0
                0x080136e0                NVIC002_Handle1
                0x080136e4                NVIC002_Handle2
 .rodata        0x080136e8       0x28 Dave/Generated/src/IO004/IO004_Conf.o
                0x080136e8                IO004_Handle0
                0x080136f0                IO004_Handle1
                0x080136f8                IO004_Handle2
                0x08013700                IO004_Handle3
                0x08013708                IO004_Handle4
 .rodata        0x08013710       0x48 Dave/Generated/src/I2C001/I2C001_Conf.o
                0x08013710                I2C001_Handle0
                0x08013728                I2C001_Handle1
                0x08013740                I2C001_Handle2
 .rodata.str1.4
                0x08013758        0x4 c:/dave-3.1.10/arm-gcc/bin/../lib/gcc/arm-none-eabi/4.7.4/../../../../arm-none-eabi/lib/armv7e-m\libm.a(lib_a-w_pow.o)
 *fill*         0x0801375c        0x4 00
 .rodata.dp_h   0x08013760       0x10 c:/dave-3.1.10/arm-gcc/bin/../lib/gcc/arm-none-eabi/4.7.4/../../../../arm-none-eabi/lib/armv7e-m\libm.a(lib_a-e_pow.o)
 .rodata.dp_l   0x08013770       0x10 c:/dave-3.1.10/arm-gcc/bin/../lib/gcc/arm-none-eabi/4.7.4/../../../../arm-none-eabi/lib/armv7e-m\libm.a(lib_a-e_pow.o)
 .rodata.bp     0x08013780       0x10 c:/dave-3.1.10/arm-gcc/bin/../lib/gcc/arm-none-eabi/4.7.4/../../../../arm-none-eabi/lib/armv7e-m\libm.a(lib_a-e_pow.o)
 .rodata.str1.4
                0x00000000        0x4 c:/dave-3.1.10/arm-gcc/bin/../lib/gcc/arm-none-eabi/4.7.4/../../../../arm-none-eabi/lib/armv7e-m\libm.a(lib_a-e_pow.o)
 .rodata.TWO52  0x08013790       0x10 c:/dave-3.1.10/arm-gcc/bin/../lib/gcc/arm-none-eabi/4.7.4/../../../../arm-none-eabi/lib/armv7e-m\libm.a(lib_a-s_rint.o)
 .rodata.str1.4
                0x080137a0        0x2 c:/dave-3.1.10/arm-gcc/bin/../lib/gcc/arm-none-eabi/4.7.4/../../../../arm-none-eabi/lib/armv7e-m\libg.a(lib_a-impure.o)
                                  0x4 (size before relaxing)
 *fill*         0x080137a2        0x2 00
 .rodata._global_impure_ptr
                0x080137a4        0x4 c:/dave-3.1.10/arm-gcc/bin/../lib/gcc/arm-none-eabi/4.7.4/../../../../arm-none-eabi/lib/armv7e-m\libg.a(lib_a-impure.o)
                0x080137a4                _global_impure_ptr
 .rodata.str1.4
                0x080137a8       0x42 c:/dave-3.1.10/arm-gcc/bin/../lib/gcc/arm-none-eabi/4.7.4/../../../../arm-none-eabi/lib/armv7e-m\libg.a(lib_a-svfprintf.o)
                                 0x44 (size before relaxing)
 *fill*         0x080137ea        0x2 00
 .rodata.zeroes.6721
                0x080137ec       0x10 c:/dave-3.1.10/arm-gcc/bin/../lib/gcc/arm-none-eabi/4.7.4/../../../../arm-none-eabi/lib/armv7e-m\libg.a(lib_a-svfprintf.o)
 .rodata.blanks.6720
                0x080137fc       0x10 c:/dave-3.1.10/arm-gcc/bin/../lib/gcc/arm-none-eabi/4.7.4/../../../../arm-none-eabi/lib/armv7e-m\libg.a(lib_a-svfprintf.o)
 .rodata.str1.4
                0x0801380c       0x10 c:/dave-3.1.10/arm-gcc/bin/../lib/gcc/arm-none-eabi/4.7.4/../../../../arm-none-eabi/lib/armv7e-m\libg.a(lib_a-dtoa.o)
                                 0x14 (size before relaxing)
 .rodata.str1.4
                0x0801381c        0xc c:/dave-3.1.10/arm-gcc/bin/../lib/gcc/arm-none-eabi/4.7.4/../../../../arm-none-eabi/lib/armv7e-m\libg.a(lib_a-locale.o)
                                 0x14 (size before relaxing)
 .rodata.p05.5242
                0x08013828        0xc c:/dave-3.1.10/arm-gcc/bin/../lib/gcc/arm-none-eabi/4.7.4/../../../../arm-none-eabi/lib/armv7e-m\libg.a(lib_a-mprec.o)
 *fill*         0x08013834        0x4 00
 .rodata.__mprec_tens
                0x08013838       0xc8 c:/dave-3.1.10/arm-gcc/bin/../lib/gcc/arm-none-eabi/4.7.4/../../../../arm-none-eabi/lib/armv7e-m\libg.a(lib_a-mprec.o)
                0x08013838                __mprec_tens
 .rodata.__mprec_bigtens
                0x08013900       0x28 c:/dave-3.1.10/arm-gcc/bin/../lib/gcc/arm-none-eabi/4.7.4/../../../../arm-none-eabi/lib/armv7e-m\libg.a(lib_a-mprec.o)
                0x08013900                __mprec_bigtens
 .rodata.__mprec_tinytens
                0x08013928       0x28 c:/dave-3.1.10/arm-gcc/bin/../lib/gcc/arm-none-eabi/4.7.4/../../../../arm-none-eabi/lib/armv7e-m\libg.a(lib_a-mprec.o)
                0x08013928                __mprec_tinytens
 .rodata.zeroes.6665
                0x08013950       0x10 c:/dave-3.1.10/arm-gcc/bin/../lib/gcc/arm-none-eabi/4.7.4/../../../../arm-none-eabi/lib/armv7e-m\libg.a(lib_a-svfiprintf.o)
 .rodata.str1.4
                0x00000000       0x30 c:/dave-3.1.10/arm-gcc/bin/../lib/gcc/arm-none-eabi/4.7.4/../../../../arm-none-eabi/lib/armv7e-m\libg.a(lib_a-svfiprintf.o)
 .rodata.blanks.6664
                0x08013960       0x10 c:/dave-3.1.10/arm-gcc/bin/../lib/gcc/arm-none-eabi/4.7.4/../../../../arm-none-eabi/lib/armv7e-m\libg.a(lib_a-svfiprintf.o)
 *(.gnu.linkonce.r*)

.rel.dyn        0x08013970        0x0 load address 0x0c013970
 .rel.iplt      0x00000000        0x0 BluetoothDriver.o
                0x08013970                . = ALIGN (0x10)
                0x0c013970                eROData = (. | 0x4000000)

Stack           0x10000000      0x800
                0x10000800                . = (. + stack_size)
 *fill*         0x10000000      0x800 00
                0x10000800                __Xmc4500_stack = .

.data3          0x10000800        0x0
                0x10000800                __data3_start = .
 *(.data3)
                0x10000800                __data3_end = .
                0x00000000                __data3_size = (__data3_end - __data3_start)

.data           0x20000000      0x908 load address 0x0c013970
                0x20000000                __Xmc4500_sData = .
 *(.data)
 .data          0x20000000       0x10 BluetoothDriver.o
                0x20000000                canSend
                0x20000004                mainInitTimerStatus
                0x20000008                StatusReceiveAns
                0x2000000c                TimerStatusRxMessage
 .data          0x20000010        0x0 CleanArray.o
 .data          0x20000010        0x0 FIFO_functions.o
 .data          0x20000010        0x8 HTU21D.o
                0x20000010                canH
                0x20000014                canT
 .data          0x20000018       0x1c LSM9DS1_Driver.o
                0x20000018                StatusTimerReadMeasurements
                0x2000001c                readingAllowed
                0x20000020                statusTimerSendMsg
                0x20000024                magSensitivity
 .data          0x20000034        0x0 Main.o
 .data          0x20000034        0x0 SendMeasurementsToBt.o
 .data          0x20000034        0x4 TSL2561.o
                0x20000034                StatusTimerTSL2561
 .data          0x20000038        0x0 Timer.o
 .data          0x20000038        0x0 timerFunctions.o
 .data          0x20000038        0x0 Startup/startup_XMC4500.o
 .data          0x20000038        0x4 Startup/system_XMC4500.o
                0x20000038                SystemCoreClock
 .data          0x2000003c        0x0 Lib/System_LibcStubs.o
 .data          0x2000003c        0x0 Dave/Generated/src/UART001/UART001.o
 .data          0x2000003c        0x4 Dave/Generated/src/UART001/UART001_Conf.o
                0x2000003c                UART001_HandleArray
 .data          0x20000040        0x0 Dave/Generated/src/SYSTM001/SYSTM001.o
 .data          0x20000040        0x0 Dave/Generated/src/RESET001/RESET001.o
 .data          0x20000040        0x0 Dave/Generated/src/NVIC002/NVIC002.o
 .data          0x20000040        0xc Dave/Generated/src/NVIC002/NVIC002_Conf.o
                0x20000040                NVIC002_HandleArray
 .data          0x2000004c        0x0 Dave/Generated/src/LIBS/CCU8PWMLIB.o
 .data          0x2000004c        0x0 Dave/Generated/src/LIBS/MOTORLIB.o
 .data          0x2000004c        0x0 Dave/Generated/src/IO004/IO004.o
 .data          0x2000004c        0x0 Dave/Generated/src/IO004/IO004_Conf.o
 .data          0x2000004c        0x0 Dave/Generated/src/I2C001/I2C001.o
 .data          0x2000004c        0x0 Dave/Generated/src/I2C001/I2C001_Conf.o
 .data          0x2000004c        0x0 Dave/Generated/src/DAVESupport/DAVE3.o
 .data          0x2000004c        0x0 Dave/Generated/src/DAVESupport/MULTIPLEXER.o
 .data          0x2000004c        0x0 Dave/Generated/src/CLK001/CLK001.o
 .data          0x2000004c        0x0 c:/dave-3.1.10/arm-gcc/bin/../lib/gcc/arm-none-eabi/4.7.4/../../../../arm-none-eabi/lib/armv7e-m\libm.a(lib_a-w_pow.o)
 .data          0x2000004c        0x0 c:/dave-3.1.10/arm-gcc/bin/../lib/gcc/arm-none-eabi/4.7.4/../../../../arm-none-eabi/lib/armv7e-m\libm.a(lib_a-e_pow.o)
 .data          0x2000004c        0x0 c:/dave-3.1.10/arm-gcc/bin/../lib/gcc/arm-none-eabi/4.7.4/../../../../arm-none-eabi/lib/armv7e-m\libm.a(lib_a-e_sqrt.o)
 .data          0x2000004c        0x0 c:/dave-3.1.10/arm-gcc/bin/../lib/gcc/arm-none-eabi/4.7.4/../../../../arm-none-eabi/lib/armv7e-m\libm.a(lib_a-s_fabs.o)
 .data          0x2000004c        0x0 c:/dave-3.1.10/arm-gcc/bin/../lib/gcc/arm-none-eabi/4.7.4/../../../../arm-none-eabi/lib/armv7e-m\libm.a(lib_a-s_finite.o)
 .data          0x2000004c        0x0 c:/dave-3.1.10/arm-gcc/bin/../lib/gcc/arm-none-eabi/4.7.4/../../../../arm-none-eabi/lib/armv7e-m\libm.a(lib_a-s_fpclassify.o)
 .data          0x2000004c        0x0 c:/dave-3.1.10/arm-gcc/bin/../lib/gcc/arm-none-eabi/4.7.4/../../../../arm-none-eabi/lib/armv7e-m\libm.a(lib_a-s_lib_ver.o)
 .data          0x2000004c        0x0 c:/dave-3.1.10/arm-gcc/bin/../lib/gcc/arm-none-eabi/4.7.4/../../../../arm-none-eabi/lib/armv7e-m\libm.a(lib_a-s_matherr.o)
 .data          0x2000004c        0x0 c:/dave-3.1.10/arm-gcc/bin/../lib/gcc/arm-none-eabi/4.7.4/../../../../arm-none-eabi/lib/armv7e-m\libm.a(lib_a-s_nan.o)
 .data          0x2000004c        0x0 c:/dave-3.1.10/arm-gcc/bin/../lib/gcc/arm-none-eabi/4.7.4/../../../../arm-none-eabi/lib/armv7e-m\libm.a(lib_a-s_rint.o)
 .data          0x2000004c        0x0 c:/dave-3.1.10/arm-gcc/bin/../lib/gcc/arm-none-eabi/4.7.4/../../../../arm-none-eabi/lib/armv7e-m\libm.a(lib_a-s_scalbn.o)
 .data          0x2000004c        0x0 c:/dave-3.1.10/arm-gcc/bin/../lib/gcc/arm-none-eabi/4.7.4/../../../../arm-none-eabi/lib/armv7e-m\libm.a(lib_a-s_copysign.o)
 .data          0x2000004c        0x0 c:/dave-3.1.10/arm-gcc/bin/../lib/gcc/arm-none-eabi/4.7.4/armv7e-m\libgcc.a(_arm_addsubdf3.o)
 .data          0x2000004c        0x0 c:/dave-3.1.10/arm-gcc/bin/../lib/gcc/arm-none-eabi/4.7.4/armv7e-m\libgcc.a(_arm_muldivdf3.o)
 .data          0x2000004c        0x0 c:/dave-3.1.10/arm-gcc/bin/../lib/gcc/arm-none-eabi/4.7.4/armv7e-m\libgcc.a(_arm_cmpdf2.o)
 .data          0x2000004c        0x0 c:/dave-3.1.10/arm-gcc/bin/../lib/gcc/arm-none-eabi/4.7.4/armv7e-m\libgcc.a(_arm_fixdfsi.o)
 .data          0x2000004c        0x0 c:/dave-3.1.10/arm-gcc/bin/../lib/gcc/arm-none-eabi/4.7.4/armv7e-m\libgcc.a(_arm_truncdfsf2.o)
 .data          0x2000004c        0x0 c:/dave-3.1.10/arm-gcc/bin/../lib/gcc/arm-none-eabi/4.7.4/../../../../arm-none-eabi/lib/armv7e-m\libg.a(lib_a-errno.o)
 .data          0x2000004c        0x0 c:/dave-3.1.10/arm-gcc/bin/../lib/gcc/arm-none-eabi/4.7.4/../../../../arm-none-eabi/lib/armv7e-m\libg.a(lib_a-impure.o)
 .data          0x2000004c        0x0 c:/dave-3.1.10/arm-gcc/bin/../lib/gcc/arm-none-eabi/4.7.4/../../../../arm-none-eabi/lib/armv7e-m\libg.a(lib_a-init.o)
 .data          0x2000004c        0x0 c:/dave-3.1.10/arm-gcc/bin/../lib/gcc/arm-none-eabi/4.7.4/../../../../arm-none-eabi/lib/armv7e-m\libg.a(lib_a-malloc.o)
 .data          0x2000004c        0x0 c:/dave-3.1.10/arm-gcc/bin/../lib/gcc/arm-none-eabi/4.7.4/../../../../arm-none-eabi/lib/armv7e-m\libg.a(lib_a-mallocr.o)
 .data          0x2000004c        0x0 c:/dave-3.1.10/arm-gcc/bin/../lib/gcc/arm-none-eabi/4.7.4/../../../../arm-none-eabi/lib/armv7e-m\libg.a(lib_a-memcpy.o)
 .data          0x2000004c        0x0 c:/dave-3.1.10/arm-gcc/bin/../lib/gcc/arm-none-eabi/4.7.4/../../../../arm-none-eabi/lib/armv7e-m\libg.a(lib_a-mlock.o)
 .data          0x2000004c        0x0 c:/dave-3.1.10/arm-gcc/bin/../lib/gcc/arm-none-eabi/4.7.4/../../../../arm-none-eabi/lib/armv7e-m\libg.a(lib_a-sbrkr.o)
 .data          0x2000004c        0x0 c:/dave-3.1.10/arm-gcc/bin/../lib/gcc/arm-none-eabi/4.7.4/../../../../arm-none-eabi/lib/armv7e-m\libg.a(lib_a-sprintf.o)
 .data          0x2000004c        0x0 c:/dave-3.1.10/arm-gcc/bin/../lib/gcc/arm-none-eabi/4.7.4/../../../../arm-none-eabi/lib/armv7e-m\libg.a(lib_a-strchr.o)
 .data          0x2000004c        0x0 c:/dave-3.1.10/arm-gcc/bin/../lib/gcc/arm-none-eabi/4.7.4/../../../../arm-none-eabi/lib/armv7e-m\libg.a(lib_a-strcmp.o)
 .data          0x2000004c        0x0 c:/dave-3.1.10/arm-gcc/bin/../lib/gcc/arm-none-eabi/4.7.4/../../../../arm-none-eabi/lib/armv7e-m\libg.a(lib_a-strlen.o)
 .data          0x2000004c        0x0 c:/dave-3.1.10/arm-gcc/bin/../lib/gcc/arm-none-eabi/4.7.4/../../../../arm-none-eabi/lib/armv7e-m\libg.a(lib_a-strstr.o)
 .data          0x2000004c        0x0 c:/dave-3.1.10/arm-gcc/bin/../lib/gcc/arm-none-eabi/4.7.4/../../../../arm-none-eabi/lib/armv7e-m\libg.a(lib_a-svfprintf.o)
 .data          0x2000004c        0x0 c:/dave-3.1.10/arm-gcc/bin/../lib/gcc/arm-none-eabi/4.7.4/../../../../arm-none-eabi/lib/armv7e-m\libg.a(lib_a-dtoa.o)
 .data          0x2000004c        0x0 c:/dave-3.1.10/arm-gcc/bin/../lib/gcc/arm-none-eabi/4.7.4/../../../../arm-none-eabi/lib/armv7e-m\libg.a(lib_a-freer.o)
 .data          0x2000004c        0x0 c:/dave-3.1.10/arm-gcc/bin/../lib/gcc/arm-none-eabi/4.7.4/../../../../arm-none-eabi/lib/armv7e-m\libg.a(lib_a-locale.o)
 .data          0x2000004c        0x0 c:/dave-3.1.10/arm-gcc/bin/../lib/gcc/arm-none-eabi/4.7.4/../../../../arm-none-eabi/lib/armv7e-m\libg.a(lib_a-memchr.o)
 .data          0x2000004c        0x0 c:/dave-3.1.10/arm-gcc/bin/../lib/gcc/arm-none-eabi/4.7.4/../../../../arm-none-eabi/lib/armv7e-m\libg.a(lib_a-memcmp.o)
 .data          0x2000004c        0x0 c:/dave-3.1.10/arm-gcc/bin/../lib/gcc/arm-none-eabi/4.7.4/../../../../arm-none-eabi/lib/armv7e-m\libg.a(lib_a-mprec.o)
 .data          0x2000004c        0x0 c:/dave-3.1.10/arm-gcc/bin/../lib/gcc/arm-none-eabi/4.7.4/../../../../arm-none-eabi/lib/armv7e-m\libg.a(lib_a-reent.o)
 .data          0x2000004c        0x0 c:/dave-3.1.10/arm-gcc/bin/../lib/gcc/arm-none-eabi/4.7.4/../../../../arm-none-eabi/lib/armv7e-m\libg.a(lib_a-svfiprintf.o)
 .data          0x2000004c        0x0 c:/dave-3.1.10/arm-gcc/bin/../lib/gcc/arm-none-eabi/4.7.4/../../../../arm-none-eabi/lib/armv7e-m\libg.a(lib_a-callocr.o)
 .data          0x2000004c        0x0 c:/dave-3.1.10/arm-gcc/bin/../lib/gcc/arm-none-eabi/4.7.4/../../../../arm-none-eabi/lib/armv7e-m\libg.a(lib_a-memmove.o)
 .data          0x2000004c        0x0 c:/dave-3.1.10/arm-gcc/bin/../lib/gcc/arm-none-eabi/4.7.4/../../../../arm-none-eabi/lib/armv7e-m\libg.a(lib_a-memset.o)
 .data          0x2000004c        0x0 c:/dave-3.1.10/arm-gcc/bin/../lib/gcc/arm-none-eabi/4.7.4/../../../../arm-none-eabi/lib/armv7e-m\libg.a(lib_a-reallocr.o)
 .data          0x2000004c        0x0 c:/dave-3.1.10/arm-gcc/bin/../lib/gcc/arm-none-eabi/4.7.4/armv7e-m\libgcc.a(_aeabi_uldivmod.o)
 .data          0x2000004c        0x0 c:/dave-3.1.10/arm-gcc/bin/../lib/gcc/arm-none-eabi/4.7.4/armv7e-m\libgcc.a(bpabi.o)
 .data          0x2000004c        0x0 c:/dave-3.1.10/arm-gcc/bin/../lib/gcc/arm-none-eabi/4.7.4/armv7e-m\libgcc.a(_dvmd_tls.o)
 .data          0x2000004c        0x0 c:/dave-3.1.10/arm-gcc/bin/../lib/gcc/arm-none-eabi/4.7.4/armv7e-m\libgcc.a(_divdi3.o)
 .data          0x2000004c        0x0 c:/dave-3.1.10/arm-gcc/bin/../lib/gcc/arm-none-eabi/4.7.4/armv7e-m\libgcc.a(_udivdi3.o)
 *(.data*)
 .data.__fdlib_version
                0x2000004c        0x1 c:/dave-3.1.10/arm-gcc/bin/../lib/gcc/arm-none-eabi/4.7.4/../../../../arm-none-eabi/lib/armv7e-m\libm.a(lib_a-s_lib_ver.o)
                0x2000004c                __fdlib_version
 *fill*         0x2000004d        0x3 00
 .data.impure_data
                0x20000050      0x428 c:/dave-3.1.10/arm-gcc/bin/../lib/gcc/arm-none-eabi/4.7.4/../../../../arm-none-eabi/lib/armv7e-m\libg.a(lib_a-impure.o)
 .data._impure_ptr
                0x20000478        0x4 c:/dave-3.1.10/arm-gcc/bin/../lib/gcc/arm-none-eabi/4.7.4/../../../../arm-none-eabi/lib/armv7e-m\libg.a(lib_a-impure.o)
                0x20000478                _impure_ptr
 .data.__malloc_av_
                0x2000047c      0x408 c:/dave-3.1.10/arm-gcc/bin/../lib/gcc/arm-none-eabi/4.7.4/../../../../arm-none-eabi/lib/armv7e-m\libg.a(lib_a-mallocr.o)
                0x2000047c                __malloc_av_
 .data.__malloc_trim_threshold
                0x20000884        0x4 c:/dave-3.1.10/arm-gcc/bin/../lib/gcc/arm-none-eabi/4.7.4/../../../../arm-none-eabi/lib/armv7e-m\libg.a(lib_a-mallocr.o)
                0x20000884                __malloc_trim_threshold
 .data.__malloc_sbrk_base
                0x20000888        0x4 c:/dave-3.1.10/arm-gcc/bin/../lib/gcc/arm-none-eabi/4.7.4/../../../../arm-none-eabi/lib/armv7e-m\libg.a(lib_a-mallocr.o)
                0x20000888                __malloc_sbrk_base
 .data.lc_message_charset
                0x2000088c       0x20 c:/dave-3.1.10/arm-gcc/bin/../lib/gcc/arm-none-eabi/4.7.4/../../../../arm-none-eabi/lib/armv7e-m\libg.a(lib_a-locale.o)
 .data.lconv    0x200008ac       0x38 c:/dave-3.1.10/arm-gcc/bin/../lib/gcc/arm-none-eabi/4.7.4/../../../../arm-none-eabi/lib/armv7e-m\libg.a(lib_a-locale.o)
 .data.lc_ctype_charset
                0x200008e4       0x20 c:/dave-3.1.10/arm-gcc/bin/../lib/gcc/arm-none-eabi/4.7.4/../../../../arm-none-eabi/lib/armv7e-m\libg.a(lib_a-locale.o)
 .data.__mb_cur_max
                0x20000904        0x4 c:/dave-3.1.10/arm-gcc/bin/../lib/gcc/arm-none-eabi/4.7.4/../../../../arm-none-eabi/lib/armv7e-m\libg.a(lib_a-locale.o)
                0x20000904                __mb_cur_max
 *(*.data)
 *(.gnu.linkonce.d*)
                0x20000908                __Xmc4500_eData = ALIGN (0x4)
                0x00000908                __Xmc4500_Data_Size = (__Xmc4500_eData - __Xmc4500_sData)

.igot.plt       0x20000908        0x0 load address 0x0c014278
 .igot.plt      0x00000000        0x0 BluetoothDriver.o

.ram_code       0x10000800        0x0 load address 0x0c014278
                0x10000800                __ram_code_start = .
 *(.ram_code)
                0x10000800                __ram_code_end = .
                0x0c014278                __ram_code_load = LOADADDR (.ram_code)
                0x00000000                __ram_code_size = (__ram_code_end - __ram_code_start)

.bss            0x20000908     0x1714 load address 0x0c014278
                0x20000908                __Xmc4500_sBSS = .
 *(.bss)
 .bss           0x20000908       0x28 BluetoothDriver.o
                0x20000908                initStatus
                0x20000909                removeInitTimerRx
                0x2000090a                removeMainTimerStatus
                0x2000090b                removeRxTimerStatus
                0x2000090c                canSendStream
                0x20000910                mainInitTimerID
                0x20000914                HandlTimerReceiveAnsID
                0x20000918                TimerIdRxMessage
                0x2000091c                stageOfConnection
                0x20000920                connectionFailure
                0x20000924                stageOfInit
 .bss           0x20000930        0x0 CleanArray.o
 .bss           0x20000930        0x0 FIFO_functions.o
 .bss           0x20000930       0x24 HTU21D.o
                0x20000930                errorCounter
                0x20000934                errorCounterTmp
                0x20000938                wrong_checksum
                0x2000093c                readHumid
                0x20000940                readTmp
                0x20000944                timerHumidOn
                0x20000948                timerTmpOn
                0x2000094c                rh
                0x20000950                realTemperature
 .bss           0x20000954       0x68 LSM9DS1_Driver.o
                0x20000954                TimerIdReadMeasurements
                0x2000095c                TimerIDSendMsg
                0x20000960                sendingInProgress
                0x20000964                counter
                0x20000968                accelX
                0x2000096a                accelY
                0x2000096c                accelZ
                0x20000970                accelXf
                0x20000974                accelYf
                0x20000978                accelZf
                0x2000097c                gyroX
                0x2000097e                gyroY
                0x20000980                gyroZ
                0x20000984                gyroXf
                0x20000988                gyroYf
                0x2000098c                gyroZf
                0x20000990                magnetX
                0x20000992                magnetY
                0x20000994                magnetZ
                0x20000998                magnetXf
                0x2000099c                magnetYf
                0x200009a0                magnetZf
                0x200009a4                copied
                0x200009a6                DataReceive1
                0x200009a8                received
 .bss           0x200009bc        0x0 Main.o
 .bss           0x200009bc       0x18 SendMeasurementsToBt.o
                0x200009bc                turnedOn
 .bss           0x200009d4        0x8 TSL2561.o
                0x200009d4                DataReceive11
                0x200009d6                received1
                0x200009d8                TimerIdTSL2561
 .bss           0x200009dc        0x0 Timer.o
 .bss           0x200009dc        0x0 timerFunctions.o
 .bss           0x200009dc        0x0 Startup/startup_XMC4500.o
 .bss           0x200009dc        0x0 Startup/system_XMC4500.o
 .bss           0x200009dc        0xc Lib/System_LibcStubs.o
                0x200009dc                __dso_handle
 .bss           0x200009e8        0x0 Dave/Generated/src/UART001/UART001.o
 .bss           0x200009e8        0x0 Dave/Generated/src/UART001/UART001_Conf.o
 .bss           0x200009e8        0xc Dave/Generated/src/SYSTM001/SYSTM001.o
                0x200009e8                TimerList
                0x200009ec                TimerTracker
                0x200009f0                SysTickCount
 .bss           0x200009f4        0x0 Dave/Generated/src/RESET001/RESET001.o
 .bss           0x200009f4        0x0 Dave/Generated/src/NVIC002/NVIC002.o
 .bss           0x200009f4        0x0 Dave/Generated/src/NVIC002/NVIC002_Conf.o
 .bss           0x200009f4        0x0 Dave/Generated/src/LIBS/CCU8PWMLIB.o
 .bss           0x200009f4        0x0 Dave/Generated/src/LIBS/MOTORLIB.o
 .bss           0x200009f4        0x0 Dave/Generated/src/IO004/IO004.o
 .bss           0x200009f4        0x0 Dave/Generated/src/IO004/IO004_Conf.o